 sl_quadrotorAttitudeGuidance_sfun

 Timestamp is 58ae3452 (Thu Feb 23 11:01:06 2017)

 Preferred load address is 0000000180000000

 Start         Length     Name                   Class
 0001:00000000 00051404H .text                   CODE
 0001:00051410 00000092H .text$x                 CODE
 0002:00000000 000004f0H .idata$5                DATA
 0002:000004f0 00000008H .CRT$XCA                DATA
 0002:000004f8 00000008H .CRT$XCZ                DATA
 0002:00000500 00000008H .CRT$XIA                DATA
 0002:00000508 00000008H .CRT$XIAA               DATA
 0002:00000510 00000008H .CRT$XIZ                DATA
 0002:00000520 000007c4H .rdata                  DATA
 0002:00000ce8 00000008H .rtc$IAA                DATA
 0002:00000cf0 00000008H .rtc$IZZ                DATA
 0002:00000cf8 00000008H .rtc$TAA                DATA
 0002:00000d00 00000008H .rtc$TZZ                DATA
 0002:00000d08 00000edcH .xdata                  DATA
 0002:00001be4 0000008cH .idata$2                DATA
 0002:00001c70 00000014H .idata$3                DATA
 0002:00001c88 000004f0H .idata$4                DATA
 0002:00002178 00000db0H .idata$6                DATA
 0002:00002f30 00000067H .edata                  DATA
 0003:00000000 00014808H .data                   DATA
 0003:00014810 00000728H .bss                    DATA
 0004:00000000 0000123cH .pdata                  DATA

  Address         Publics by Value              Rva+Base               Lib:Object

 0000:00000000       ___safe_se_handler_count   0000000000000000     <absolute>
 0000:00000000       ___safe_se_handler_table   0000000000000000     <absolute>
 0000:00000000       __ImageBase                0000000180000000     <linker-defined>
 0001:00000000       sl_quadrotorAttitudeGuidance_initializer 0000000180001000 f   sl_quadrotorAttitudeGuidance_sfun.obj
 0001:00000010       sl_quadrotorAttitudeGuidance_terminator 0000000180001010 f   sl_quadrotorAttitudeGuidance_sfun.obj
 0001:00000020       sf_sl_quadrotorAttitudeGuidance_method_dispatcher 0000000180001020 f   sl_quadrotorAttitudeGuidance_sfun.obj
 0001:000000f0       sf_sl_quadrotorAttitudeGuidance_uses_exported_functions 00000001800010f0 f   sl_quadrotorAttitudeGuidance_sfun.obj
 0001:00000130       sf_sl_quadrotorAttitudeGuidance_process_check_sum_call 0000000180001130 f   sl_quadrotorAttitudeGuidance_sfun.obj
 0001:00000590       sf_sl_quadrotorAttitudeGuidance_autoinheritance_info 0000000180001590 f   sl_quadrotorAttitudeGuidance_sfun.obj
 0001:00000840       sf_sl_quadrotorAttitudeGuidance_get_eml_resolved_functions_info 0000000180001840 f   sl_quadrotorAttitudeGuidance_sfun.obj
 0001:00000a80       sf_sl_quadrotorAttitudeGuidance_third_party_uses_info 0000000180001a80 f   sl_quadrotorAttitudeGuidance_sfun.obj
 0001:00000cb0       sf_sl_quadrotorAttitudeGuidance_jit_fallback_info 0000000180001cb0 f   sl_quadrotorAttitudeGuidance_sfun.obj
 0001:00000ee0       sf_sl_quadrotorAttitudeGuidance_updateBuildInfo_args_info 0000000180001ee0 f   sl_quadrotorAttitudeGuidance_sfun.obj
 0001:00001110       sf_sl_quadrotorAttitudeGuidance_get_post_codegen_info 0000000180002110 f   sl_quadrotorAttitudeGuidance_sfun.obj
 0001:000012c0       sl_quadrotorAttitudeGuidance_debug_initialize 00000001800022c0 f   sl_quadrotorAttitudeGuidance_sfun.obj
 0001:00001340       sl_quadrotorAttitudeGuidance_register_exported_symbols 0000000180002340 f   sl_quadrotorAttitudeGuidance_sfun.obj
 0001:00001350       load_sl_quadrotorAttitudeGuidance_optimization_info 0000000180002350 f   sl_quadrotorAttitudeGuidance_sfun.obj
 0001:000013a0       unload_sl_quadrotorAttitudeGuidance_optimization_info 00000001800023a0 f   sl_quadrotorAttitudeGuidance_sfun.obj
 0001:000013d0       sf_c1_sl_quadrotorAttitudeGuidance_get_eml_resolved_functions_info 00000001800023d0 f   c1_sl_quadrotorAttitudeGuidance.obj
 0001:000019d0       sf_c1_sl_quadrotorAttitudeGuidance_get_check_sum 00000001800029d0 f   c1_sl_quadrotorAttitudeGuidance.obj
 0001:00001a50       sf_c1_sl_quadrotorAttitudeGuidance_get_autoinheritance_info 0000000180002a50 f   c1_sl_quadrotorAttitudeGuidance.obj
 0001:00002660       sf_c1_sl_quadrotorAttitudeGuidance_third_party_uses_info 0000000180003660 f   c1_sl_quadrotorAttitudeGuidance.obj
 0001:00002690       sf_c1_sl_quadrotorAttitudeGuidance_jit_fallback_info 0000000180003690 f   c1_sl_quadrotorAttitudeGuidance.obj
 0001:00002760       sf_c1_sl_quadrotorAttitudeGuidance_updateBuildInfo_args_info 0000000180003760 f   c1_sl_quadrotorAttitudeGuidance.obj
 0001:00002790       sf_c1_sl_quadrotorAttitudeGuidance_get_post_codegen_info 0000000180003790 f   c1_sl_quadrotorAttitudeGuidance.obj
 0001:00002860       c1_sl_quadrotorAttitudeGuidance_method_dispatcher 0000000180003860 f   c1_sl_quadrotorAttitudeGuidance.obj
 0001:00008ac0       sf_c2_sl_quadrotorAttitudeGuidance_get_eml_resolved_functions_info 0000000180009ac0 f   c2_sl_quadrotorAttitudeGuidance.obj
 0001:00014f90       sf_c2_sl_quadrotorAttitudeGuidance_get_check_sum 0000000180015f90 f   c2_sl_quadrotorAttitudeGuidance.obj
 0001:00015010       sf_c2_sl_quadrotorAttitudeGuidance_get_autoinheritance_info 0000000180016010 f   c2_sl_quadrotorAttitudeGuidance.obj
 0001:00017b30       sf_c2_sl_quadrotorAttitudeGuidance_third_party_uses_info 0000000180018b30 f   c2_sl_quadrotorAttitudeGuidance.obj
 0001:00017b60       sf_c2_sl_quadrotorAttitudeGuidance_jit_fallback_info 0000000180018b60 f   c2_sl_quadrotorAttitudeGuidance.obj
 0001:00017c30       sf_c2_sl_quadrotorAttitudeGuidance_updateBuildInfo_args_info 0000000180018c30 f   c2_sl_quadrotorAttitudeGuidance.obj
 0001:00017c60       sf_c2_sl_quadrotorAttitudeGuidance_get_post_codegen_info 0000000180018c60 f   c2_sl_quadrotorAttitudeGuidance.obj
 0001:00017d30       c2_sl_quadrotorAttitudeGuidance_method_dispatcher 0000000180018d30 f   c2_sl_quadrotorAttitudeGuidance.obj
 0001:00026460       sf_c3_sl_quadrotorAttitudeGuidance_get_eml_resolved_functions_info 0000000180027460 f   c3_sl_quadrotorAttitudeGuidance.obj
 0001:0002eeb0       sf_c3_sl_quadrotorAttitudeGuidance_get_check_sum 000000018002feb0 f   c3_sl_quadrotorAttitudeGuidance.obj
 0001:0002ef30       sf_c3_sl_quadrotorAttitudeGuidance_get_autoinheritance_info 000000018002ff30 f   c3_sl_quadrotorAttitudeGuidance.obj
 0001:00030580       sf_c3_sl_quadrotorAttitudeGuidance_third_party_uses_info 0000000180031580 f   c3_sl_quadrotorAttitudeGuidance.obj
 0001:000305b0       sf_c3_sl_quadrotorAttitudeGuidance_jit_fallback_info 00000001800315b0 f   c3_sl_quadrotorAttitudeGuidance.obj
 0001:00030680       sf_c3_sl_quadrotorAttitudeGuidance_updateBuildInfo_args_info 0000000180031680 f   c3_sl_quadrotorAttitudeGuidance.obj
 0001:000306b0       sf_c3_sl_quadrotorAttitudeGuidance_get_post_codegen_info 00000001800316b0 f   c3_sl_quadrotorAttitudeGuidance.obj
 0001:00030780       c3_sl_quadrotorAttitudeGuidance_method_dispatcher 0000000180031780 f   c3_sl_quadrotorAttitudeGuidance.obj
 0001:0003adc0       sf_c4_sl_quadrotorAttitudeGuidance_get_eml_resolved_functions_info 000000018003bdc0 f   c4_sl_quadrotorAttitudeGuidance.obj
 0001:0003d880       sf_c4_sl_quadrotorAttitudeGuidance_get_check_sum 000000018003e880 f   c4_sl_quadrotorAttitudeGuidance.obj
 0001:0003d900       sf_c4_sl_quadrotorAttitudeGuidance_get_autoinheritance_info 000000018003e900 f   c4_sl_quadrotorAttitudeGuidance.obj
 0001:0003eb80       sf_c4_sl_quadrotorAttitudeGuidance_third_party_uses_info 000000018003fb80 f   c4_sl_quadrotorAttitudeGuidance.obj
 0001:0003ebb0       sf_c4_sl_quadrotorAttitudeGuidance_jit_fallback_info 000000018003fbb0 f   c4_sl_quadrotorAttitudeGuidance.obj
 0001:0003ec80       sf_c4_sl_quadrotorAttitudeGuidance_updateBuildInfo_args_info 000000018003fc80 f   c4_sl_quadrotorAttitudeGuidance.obj
 0001:0003ecb0       sf_c4_sl_quadrotorAttitudeGuidance_get_post_codegen_info 000000018003fcb0 f   c4_sl_quadrotorAttitudeGuidance.obj
 0001:0003ed80       c4_sl_quadrotorAttitudeGuidance_method_dispatcher 000000018003fd80 f   c4_sl_quadrotorAttitudeGuidance.obj
 0001:00045950       sf_c5_sl_quadrotorAttitudeGuidance_get_eml_resolved_functions_info 0000000180046950 f   c5_sl_quadrotorAttitudeGuidance.obj
 0001:000461a0       sf_c5_sl_quadrotorAttitudeGuidance_get_check_sum 00000001800471a0 f   c5_sl_quadrotorAttitudeGuidance.obj
 0001:00046220       sf_c5_sl_quadrotorAttitudeGuidance_get_autoinheritance_info 0000000180047220 f   c5_sl_quadrotorAttitudeGuidance.obj
 0001:000468c0       sf_c5_sl_quadrotorAttitudeGuidance_third_party_uses_info 00000001800478c0 f   c5_sl_quadrotorAttitudeGuidance.obj
 0001:000468f0       sf_c5_sl_quadrotorAttitudeGuidance_jit_fallback_info 00000001800478f0 f   c5_sl_quadrotorAttitudeGuidance.obj
 0001:000469c0       sf_c5_sl_quadrotorAttitudeGuidance_updateBuildInfo_args_info 00000001800479c0 f   c5_sl_quadrotorAttitudeGuidance.obj
 0001:000469f0       sf_c5_sl_quadrotorAttitudeGuidance_get_post_codegen_info 00000001800479f0 f   c5_sl_quadrotorAttitudeGuidance.obj
 0001:00046ac0       c5_sl_quadrotorAttitudeGuidance_method_dispatcher 0000000180047ac0 f   c5_sl_quadrotorAttitudeGuidance.obj
 0001:00049d30       sf_process_check_sum_call  000000018004ad30 f   sl_quadrotorAttitudeGuidance_sfun_registry.obj
 0001:00049d80       sf_process_machine_uses_exported_functions_call 000000018004ad80 f   sl_quadrotorAttitudeGuidance_sfun_registry.obj
 0001:00049ed0       sf_process_autoinheritance_call 000000018004aed0 f   sl_quadrotorAttitudeGuidance_sfun_registry.obj
 0001:0004a070       sf_process_get_third_party_uses_info_call 000000018004b070 f   sl_quadrotorAttitudeGuidance_sfun_registry.obj
 0001:0004a210       sf_process_get_jit_fallback_info_call 000000018004b210 f   sl_quadrotorAttitudeGuidance_sfun_registry.obj
 0001:0004a3b0       sf_process_get_updateBuildInfo_args_info_call 000000018004b3b0 f   sl_quadrotorAttitudeGuidance_sfun_registry.obj
 0001:0004a550       sf_process_get_eml_resolved_functions_info_call 000000018004b550 f   sl_quadrotorAttitudeGuidance_sfun_registry.obj
 0001:0004a6d0       sf_process_get_post_codegen_info 000000018004b6d0 f   sl_quadrotorAttitudeGuidance_sfun_registry.obj
 0001:0004a820       sf_mex_unlock_call         000000018004b820 f   sl_quadrotorAttitudeGuidance_sfun_registry.obj
 0001:0004a8d0       sf_machine_global_initializer_called 000000018004b8d0 f   sl_quadrotorAttitudeGuidance_sfun_registry.obj
 0001:0004a900       sf_machine_global_method_dispatcher 000000018004b900 f   sl_quadrotorAttitudeGuidance_sfun_registry.obj
 0001:0004a960       sf_machine_global_terminator 000000018004b960 f   sl_quadrotorAttitudeGuidance_sfun_registry.obj
 0001:0004a9b0       sf_register_machine_exported_symbols 000000018004b9b0 f   sl_quadrotorAttitudeGuidance_sfun_registry.obj
 0001:0004a9d0       callCustomFcn              000000018004b9d0 f   sl_quadrotorAttitudeGuidance_sfun_registry.obj
 0001:0004a9e0       sf_machine_global_initializer 000000018004b9e0 f   sl_quadrotorAttitudeGuidance_sfun_registry.obj
 0001:0004aa60       mdlGetSimState             000000018004ba60 f   sl_quadrotorAttitudeGuidance_sfun_registry.obj
 0001:0004aae0       mdlSetSimState             000000018004bae0 f   sl_quadrotorAttitudeGuidance_sfun_registry.obj
 0001:0004ab20       _ssSetStateAbsTol          000000018004bb20 f   sl_quadrotorAttitudeGuidance_sfun_registry.obj
 0001:0004ac00       _ssGetAbsTol               000000018004bc00 f   sl_quadrotorAttitudeGuidance_sfun_registry.obj
 0001:0004ac70       _ssSetInputPortMatrixDimensions 000000018004bc70 f   sl_quadrotorAttitudeGuidance_sfun_registry.obj
 0001:0004ad80       _ssSetOutputPortMatrixDimensions 000000018004bd80 f   sl_quadrotorAttitudeGuidance_sfun_registry.obj
 0001:0004ae90       _ssSetInputPortVectorDimension 000000018004be90 f   sl_quadrotorAttitudeGuidance_sfun_registry.obj
 0001:0004af60       _ssSetOutputPortVectorDimension 000000018004bf60 f   sl_quadrotorAttitudeGuidance_sfun_registry.obj
 0001:0004b030       ssIsRunTimeParamTunable    000000018004c030 f   sl_quadrotorAttitudeGuidance_sfun_registry.obj
 0001:0004b0a0       ssGetSFuncBlockHandle      000000018004c0a0 f   sl_quadrotorAttitudeGuidance_sfun_registry.obj
 0001:0004b110       _ssGetCurrentInputPortWidth 000000018004c110 f   sl_quadrotorAttitudeGuidance_sfun_registry.obj
 0001:0004b230       _ssGetCurrentOutputPortWidth 000000018004c230 f   sl_quadrotorAttitudeGuidance_sfun_registry.obj
 0001:0004b350       _ssGetCallSystemNumFcnCallDestinations 000000018004c350 f   sl_quadrotorAttitudeGuidance_sfun_registry.obj
 0001:0004b3c0       ssWarning                  000000018004c3c0 f   sl_quadrotorAttitudeGuidance_sfun_registry.obj
 0001:0004b4d0       ssGetIsZeroCrossControlDisabled 000000018004c4d0 f   sl_quadrotorAttitudeGuidance_sfun_registry.obj
 0001:0004b540       ssSetIsInputPortUsedForContZcSignal 000000018004c540 f   sl_quadrotorAttitudeGuidance_sfun_registry.obj
 0001:0004b5b0       ssSetZcSignalIsZcElementDisc 000000018004c5b0 f   sl_quadrotorAttitudeGuidance_sfun_registry.obj
 0001:0004b660       ssSetZcSignalName          000000018004c660 f   sl_quadrotorAttitudeGuidance_sfun_registry.obj
 0001:0004b6d0       ssSetZcSignalWidth         000000018004c6d0 f   sl_quadrotorAttitudeGuidance_sfun_registry.obj
 0001:0004b740       ssSetZcSignalZcEventType   000000018004c740 f   sl_quadrotorAttitudeGuidance_sfun_registry.obj
 0001:0004b7b0       ssSetZcSignalType          000000018004c7b0 f   sl_quadrotorAttitudeGuidance_sfun_registry.obj
 0001:0004b820       ssSetZcSignalZcTol         000000018004c820 f   sl_quadrotorAttitudeGuidance_sfun_registry.obj
 0001:0004b890       ssSetZcSignalNeedsEventNotification 000000018004c890 f   sl_quadrotorAttitudeGuidance_sfun_registry.obj
 0001:0004b900       ssCreateAndAddZcSignalInfo 000000018004c900 f   sl_quadrotorAttitudeGuidance_sfun_registry.obj
 0001:0004b970       ssCloneAndAddZcSignalInfo  000000018004c970 f   sl_quadrotorAttitudeGuidance_sfun_registry.obj
 0001:0004b9e0       ssGetNumZcSignals          000000018004c9e0 f   sl_quadrotorAttitudeGuidance_sfun_registry.obj
 0001:0004ba50       ssGetZcSignalVector        000000018004ca50 f   sl_quadrotorAttitudeGuidance_sfun_registry.obj
 0001:0004bac0       ssGetZcSignalZcEvents      000000018004cac0 f   sl_quadrotorAttitudeGuidance_sfun_registry.obj
 0001:0004bb30       ssGetZcSignalName          000000018004cb30 f   sl_quadrotorAttitudeGuidance_sfun_registry.obj
 0001:0004bba0       ssGetZcSignalWidth         000000018004cba0 f   sl_quadrotorAttitudeGuidance_sfun_registry.obj
 0001:0004bc10       ssGetZcSignalZcEventType   000000018004cc10 f   sl_quadrotorAttitudeGuidance_sfun_registry.obj
 0001:0004bc80       ssGetZcSignalType          000000018004cc80 f   sl_quadrotorAttitudeGuidance_sfun_registry.obj
 0001:0004bcf0       ssGetZcSignalZcTol         000000018004ccf0 f   sl_quadrotorAttitudeGuidance_sfun_registry.obj
 0001:0004bd70       ssGetZcSignalNeedsEventNotification 000000018004cd70 f   sl_quadrotorAttitudeGuidance_sfun_registry.obj
 0001:0004bde0       ssGetZcSignalIsZcElementDisc 000000018004cde0 f   sl_quadrotorAttitudeGuidance_sfun_registry.obj
 0001:0004be80       ssGetIsInputPortElementContinuous 000000018004ce80 f   sl_quadrotorAttitudeGuidance_sfun_registry.obj
 0001:0004bf20       _ssGetInputPortSignalPtrsFcn 000000018004cf20 f   sl_quadrotorAttitudeGuidance_sfun_registry.obj
 0001:0004c1e0       _ssGetInputPortSignalFcn   000000018004d1e0 f   sl_quadrotorAttitudeGuidance_sfun_registry.obj
 0001:0004c400       _ssSetInputPortDirectFeedThroughFcn 000000018004d400 f   sl_quadrotorAttitudeGuidance_sfun_registry.obj
 0001:0004c560       _ssSetInputPortReusableFcn 000000018004d560 f   sl_quadrotorAttitudeGuidance_sfun_registry.obj
 0001:0004c650       _ssSetOutputPortReusableFcn 000000018004d650 f   sl_quadrotorAttitudeGuidance_sfun_registry.obj
 0001:0004c730       ssGetDTypeIdFromMxArray    000000018004d730 f   sl_quadrotorAttitudeGuidance_sfun_registry.obj
 0001:0004c850       ssWriteRTWStr              000000018004d850 f   sl_quadrotorAttitudeGuidance_sfun_registry.obj
 0001:0004c8b0       ssWriteRTWMxVectParam      000000018004d8b0 f   sl_quadrotorAttitudeGuidance_sfun_registry.obj
 0001:0004c910       ssWriteRTWMx2dMatParam     000000018004d910 f   sl_quadrotorAttitudeGuidance_sfun_registry.obj
 0001:0004c990       ssWriteRTWNameValuePair    000000018004d990 f   sl_quadrotorAttitudeGuidance_sfun_registry.obj
 0001:0004ce80       ssWriteRTWParameters       000000018004de80 f   sl_quadrotorAttitudeGuidance_sfun_registry.obj
 0001:0004d480       ssWriteRTWParamSettings    000000018004e480 f   sl_quadrotorAttitudeGuidance_sfun_registry.obj
 0001:0004db50       ssWriteRTWWorkVect         000000018004eb50 f   sl_quadrotorAttitudeGuidance_sfun_registry.obj
 0001:0004e050       mexFunction                000000018004f050 f   sl_quadrotorAttitudeGuidance_sfun_registry.obj
 0001:00050570       ProcessMexSfunctionEveryCall 0000000180051570 f   sl_quadrotorAttitudeGuidance_sfun_registry.obj
 0001:000506f2       sf_debug_set_machine_data_thresholds 00000001800516f2 f   sf_runtime:sf_runtime.dll
 0001:000506f8       sf_debug_set_machine_event_thresholds 00000001800516f8 f   sf_runtime:sf_runtime.dll
 0001:000506fe       sf_debug_initialize_machine 00000001800516fe f   sf_runtime:sf_runtime.dll
 0001:00050704       sf_load_rtw_optimization_info 0000000180051704 f   sf_runtime:sf_runtime.dll
 0001:0005070a       sf_mex_emlrtNameCapturePostProcessR2012a 000000018005170a f   sf_runtime:sf_runtime.dll
 0001:00050710       sf_mex_assign              0000000180051710 f   sf_runtime:sf_runtime.dll
 0001:00050716       sf_mex_createstruct        0000000180051716 f   sf_runtime:sf_runtime.dll
 0001:0005071c       sf_mex_destroy             000000018005171c f   sf_runtime:sf_runtime.dll
 0001:00050722       sf_mex_duplicatearraysafe  0000000180051722 f   sf_runtime:sf_runtime.dll
 0001:00050728       sf_mex_createcellmatrix    0000000180051728 f   sf_runtime:sf_runtime.dll
 0001:0005072e       sf_mex_addfield            000000018005172e f   sf_runtime:sf_runtime.dll
 0001:00050734       sf_mex_create              0000000180051734 f   sf_runtime:sf_runtime.dll
 0001:0005073a       sf_mex_error_message       000000018005173a f   sf_runtime:sf_runtime.dll
 0001:00050740       sf_set_rtw_dwork_info      0000000180051740 f   sf_runtime:sf_runtime.dll
 0001:00050746       sf_mark_chart_reusable_outputs 0000000180051746 f   sf_runtime:sf_runtime.dll
 0001:0005074c       sf_mark_chart_expressionable_inputs 000000018005174c f   sf_runtime:sf_runtime.dll
 0001:00050752       sf_update_buildInfo        0000000180051752 f   sf_runtime:sf_runtime.dll
 0001:00050758       sf_rtw_info_uint_prop      0000000180051758 f   sf_runtime:sf_runtime.dll
 0001:0005075e       sf_is_chart_inlinable      000000018005175e f   sf_runtime:sf_runtime.dll
 0001:00050764       sim_mode_is_external       0000000180051764 f   sf_runtime:sf_runtime.dll
 0001:0005076a       sim_mode_is_rtw_gen        000000018005176a f   sf_runtime:sf_runtime.dll
 0001:00050770       ssGetInputPortSignal_wrapper 0000000180051770 f   sf_runtime:sf_runtime.dll
 0001:00050776       ssGetOutputPortSignal_wrapper 0000000180051776 f   sf_runtime:sf_runtime.dll
 0001:0005077c       sf_mex_decode_encoded_mx_struct_array 000000018005177c f   sf_runtime:sf_runtime.dll
 0001:00050782       sf_debug_reset_current_state_configuration 0000000180051782 f   sf_runtime:sf_runtime.dll
 0001:00050788       sf_debug_set_instance_data_value_ptr 0000000180051788 f   sf_runtime:sf_runtime.dll
 0001:0005078e       sf_debug_set_chart_data_compiled_props 000000018005178e f   sf_runtime:sf_runtime.dll
 0001:00050794       cv_eml_init_relational     0000000180051794 f   sf_runtime:sf_runtime.dll
 0001:0005079a       cv_eml_init_if             000000018005179a f   sf_runtime:sf_runtime.dll
 0001:000507a0       cv_eml_init_fcn            00000001800517a0 f   sf_runtime:sf_runtime.dll
 0001:000507a6       cv_eml_init_script         00000001800517a6 f   sf_runtime:sf_runtime.dll
 0001:000507ac       sf_debug_cv_init_trans     00000001800517ac f   sf_runtime:sf_runtime.dll
 0001:000507b2       sf_debug_cv_init_state     00000001800517b2 f   sf_runtime:sf_runtime.dll
 0001:000507b8       sf_debug_cv_init_chart     00000001800517b8 f   sf_runtime:sf_runtime.dll
 0001:000507be       sf_debug_set_chart_decomposition 00000001800517be f   sf_runtime:sf_runtime.dll
 0001:000507c4       sf_debug_set_chart_substate_count 00000001800517c4 f   sf_runtime:sf_runtime.dll
 0001:000507ca       sf_debug_set_chart_state_info 00000001800517ca f   sf_runtime:sf_runtime.dll
 0001:000507d0       sf_debug_set_chart_data_props 00000001800517d0 f   sf_runtime:sf_runtime.dll
 0001:000507d6       sf_debug_set_chart_event_thresholds 00000001800517d6 f   sf_runtime:sf_runtime.dll
 0001:000507dc       sf_debug_set_chart_disable_implicit_casting 00000001800517dc f   sf_runtime:sf_runtime.dll
 0001:000507e2       sf_debug_initialize_chart  00000001800517e2 f   sf_runtime:sf_runtime.dll
 0001:000507e8       sf_mex_dup                 00000001800517e8 f   sf_runtime:sf_runtime.dll
 0001:000507ee       sf_mex_import              00000001800517ee f   sf_runtime:sf_runtime.dll
 0001:000507f4       sf_get_time                00000001800517f4 f   sf_runtime:sf_runtime.dll
 0001:000507fa       sf_debug_data_range_wrapper 00000001800517fa f   sf_runtime:sf_runtime.dll
 0001:00050800       sf_debug_check_for_state_inconsistency 0000000180051800 f   sf_runtime:sf_runtime.dll
 0001:00050806       sf_debug_symbol_scope_pop  0000000180051806 f   sf_runtime:sf_runtime.dll
 0001:0005080c       sf_mex_call_debug          000000018005180c f   sf_runtime:sf_runtime.dll
 0001:00050812       cv_eval_relational         0000000180051812 f   sf_runtime:sf_runtime.dll
 0001:00050818       eml_debug_line_call        0000000180051818 f   sf_runtime:sf_runtime.dll
 0001:0005081e       cv_eml_eval                000000018005181e f   sf_runtime:sf_runtime.dll
 0001:00050824       sf_debug_symbol_scope_add_eml_importable 0000000180051824 f   sf_runtime:sf_runtime.dll
 0001:0005082a       sf_debug_symbol_scope_add_eml 000000018005182a f   sf_runtime:sf_runtime.dll
 0001:00050830       sf_debug_symbol_scope_push_eml 0000000180051830 f   sf_runtime:sf_runtime.dll
 0001:00050836       sf_debug_call              0000000180051836 f   sf_runtime:sf_runtime.dll
 0001:0005083c       sf_debug_symbol_scope_push 000000018005183c f   sf_runtime:sf_runtime.dll
 0001:00050842       sf_mex_setcell             0000000180051842 f   sf_runtime:sf_runtime.dll
 0001:00050848       sf_mex_getcell             0000000180051848 f   sf_runtime:sf_runtime.dll
 0001:0005084e       sf_clear_rtw_identifier    000000018005184e f   sf_runtime:sf_runtime.dll
 0001:00050854       sf_mex_printf              0000000180051854 f   sf_runtime:sf_runtime.dll
 0001:0005085a       sf_debug_eml_data_array_bounds_error_check 000000018005185a f   sf_runtime:sf_runtime.dll
 0001:00050860       sf_debug_integer_check     0000000180051860 f   sf_runtime:sf_runtime.dll
 0001:00050866       cv_eml_init_for            0000000180051866 f   sf_runtime:sf_runtime.dll
 0001:0005086c       sf_mex_listen_for_ctrl_c   000000018005186c f   sf_runtime:sf_runtime.dll
 0001:00050872       sf_debug_terminate         0000000180051872 f   sf_runtime:sf_runtime.dll
 0001:00050878       sf_debug_create_debug_instance_struct 0000000180051878 f   sf_runtime:sf_runtime.dll
 0001:0005087e       sf_debug_api               000000018005187e f   sf_runtime:sf_runtime.dll
 0001:00050884       callMdlMethodAndReportError 0000000180051884 f   sf_runtime:sf_runtime.dll
 0001:0005088a       call_sf_machine_global_method_dispatcher 000000018005188a f   sf_runtime:sf_runtime.dll
 0001:00050890       sf_clear_error_manager_info 0000000180051890 f   sf_runtime:sf_runtime.dll
 0001:00050896       sf_mex_error_direct_call   0000000180051896 f   sf_runtime:sf_runtime.dll
 0001:0005089c       mxCreateLogicalScalar      000000018005189c f   libmx:libmx.dll
 0001:000508a2       mxGetScalar                00000001800518a2 f   libmx:libmx.dll
 0001:000508a8       mxGetPr                    00000001800518a8 f   libmx:libmx.dll
 0001:000508ae       mxCreateDoubleMatrix_730   00000001800518ae f   libmx:libmx.dll
 0001:000508b4       mxGetString_730            00000001800518b4 f   libmx:libmx.dll
 0001:000508ba       mxIsChar                   00000001800518ba f   libmx:libmx.dll
 0001:000508c0       mxDestroyArray             00000001800518c0 f   libmx:libmx.dll
 0001:000508c6       mxDuplicateArray           00000001800518c6 f   libmx:libmx.dll
 0001:000508cc       mxCreateDoubleScalar       00000001800518cc f   libmx:libmx.dll
 0001:000508d2       mxSetField_730             00000001800518d2 f   libmx:libmx.dll
 0001:000508d8       mxCreateString             00000001800518d8 f   libmx:libmx.dll
 0001:000508de       mxCreateStructMatrix_730   00000001800518de f   libmx:libmx.dll
 0001:000508e4       mxCreateCellMatrix_730     00000001800518e4 f   libmx:libmx.dll
 0001:000508ea       mxCreateCellArray_730      00000001800518ea f   libmx:libmx.dll
 0001:000508f0       mxCreateStructArray_730    00000001800518f0 f   libmx:libmx.dll
 0001:000508f6       mxGetInf                   00000001800518f6 f   libmx:libmx.dll
 0001:000508fc       mxIsEmpty                  00000001800518fc f   libmx:libmx.dll
 0001:00050902       mxGetClassID               0000000180051902 f   libmx:libmx.dll
 0001:00050908       mxIsNumeric                0000000180051908 f   libmx:libmx.dll
 0001:0005090e       mxIsComplex                000000018005190e f   libmx:libmx.dll
 0001:00050914       mxGetN                     0000000180051914 f   libmx:libmx.dll
 0001:0005091a       mxGetM                     000000018005191a f   libmx:libmx.dll
 0001:00050920       mxCalloc                   0000000180051920 f   libmx:libmx.dll
 0001:00050926       mexMakeArrayPersistent     0000000180051926 f   libmex:libmex.dll
 0001:0005092c       mexUnlock                  000000018005192c f   libmex:libmex.dll
 0001:00050932       mexIsLocked                0000000180051932 f   libmex:libmex.dll
 0001:00050938       mexWarnMsgTxt              0000000180051938 f   libmex:libmex.dll
 0001:0005093e       mexCallMATLABWithObject    000000018005193e f   libmex:libmex.dll
 0001:00050944       mexErrMsgTxt               0000000180051944 f   libmex:libmex.dll
 0001:0005094a       mexLock                    000000018005194a f   libmex:libmex.dll
 0001:00050950       utMalloc                   0000000180051950 f   libut:libut.dll
 0001:00050956       utFree                     0000000180051956 f   libut:libut.dll
 0001:0005095c       muDoubleScalarSin          000000018005195c f   libmwmathutil:libmwmathutil.dll
 0001:00050962       muDoubleScalarCos          0000000180051962 f   libmwmathutil:libmwmathutil.dll
 0001:00050968       muDoubleScalarAtan2        0000000180051968 f   libmwmathutil:libmwmathutil.dll
 0001:0005096e       muDoubleScalarAbs          000000018005196e f   libmwmathutil:libmwmathutil.dll
 0001:00050974       muDoubleScalarSqrt         0000000180051974 f   libmwmathutil:libmwmathutil.dll
 0001:0005097a       muDoubleScalarFloor        000000018005197a f   libmwmathutil:libmwmathutil.dll
 0001:00050980       muDoubleScalarRound        0000000180051980 f   libmwmathutil:libmwmathutil.dll
 0001:00050986       muDoubleScalarIsNaN        0000000180051986 f   libmwmathutil:libmwmathutil.dll
 0001:0005098c       muDoubleScalarIsInf        000000018005198c f   libmwmathutil:libmwmathutil.dll
 0001:00050992       muDoubleScalarSign         0000000180051992 f   libmwmathutil:libmwmathutil.dll
 0001:00050998       __GSHandlerCheckCommon     0000000180051998 f   MSVCRT:gshandler.obj
 0001:000509fc       __GSHandlerCheck           00000001800519fc f   MSVCRT:gshandler.obj
 0001:00050a1a       strcmp                     0000000180051a1a f   MSVCRT:MSVCR100.dll
 0001:00050a30       __security_check_cookie    0000000180051a30 f   MSVCRT:amdsecgs.obj
 0001:00050a50       strlen                     0000000180051a50 f   MSVCRT:MSVCR100.dll
 0001:00050a56       memset                     0000000180051a56 f   MSVCRT:MSVCR100.dll
 0001:00050a70       __chkstk                   0000000180051a70 f   MSVCRT:chkstk.obj
 0001:00050a70       _alloca_probe              0000000180051a70     MSVCRT:chkstk.obj
 0001:00050abe       free                       0000000180051abe f   MSVCRT:MSVCR100.dll
 0001:00050ac4       sprintf                    0000000180051ac4 f   MSVCRT:MSVCR100.dll
 0001:00050aca       malloc                     0000000180051aca f   MSVCRT:MSVCR100.dll
 0001:00050ad0       strcat                     0000000180051ad0 f   MSVCRT:MSVCR100.dll
 0001:00050ad6       memcpy                     0000000180051ad6 f   MSVCRT:MSVCR100.dll
 0001:00050adc       NtCurrentTeb               0000000180051adc f i MSVCRT:crtdll.obj
 0001:00050b48       _CRT_INIT                  0000000180051b48 f   MSVCRT:crtdll.obj
 0001:00050ee0       _DllMainCRTStartup         0000000180051ee0 f   MSVCRT:crtdll.obj
 0001:00050f20       __report_gsfailure         0000000180051f20 f   MSVCRT:gs_report.obj
 0001:0005106c       __clean_type_info_names    000000018005206c f   MSVCRT:tncleanup.obj
 0001:00051078       _onexit                    0000000180052078 f   MSVCRT:atonexit.obj
 0001:00051128       atexit                     0000000180052128 f   MSVCRT:atonexit.obj
 0001:00051140       _RTC_Initialize            0000000180052140 f   MSVCRT:_initsect_.obj
 0001:00051178       _RTC_Terminate             0000000180052178 f   MSVCRT:_initsect_.obj
 0001:000511b0       _malloc_crt                00000001800521b0 f   MSVCRT:MSVCR100.dll
 0001:000511c0       _ValidateImageBase         00000001800521c0 f   MSVCRT:pesect.obj
 0001:000511f0       _FindPESection             00000001800521f0 f   MSVCRT:pesect.obj
 0001:00051240       _IsNonwritableInCurrentImage 0000000180052240 f   MSVCRT:pesect.obj
 0001:00051282       _initterm                  0000000180052282 f   MSVCRT:MSVCR100.dll
 0001:00051288       _initterm_e                0000000180052288 f   MSVCRT:MSVCR100.dll
 0001:0005128e       _encoded_null              000000018005228e f   MSVCRT:MSVCR100.dll
 0001:00051294       _amsg_exit                 0000000180052294 f   MSVCRT:MSVCR100.dll
 0001:0005129a       __C_specific_handler       000000018005229a f   MSVCRT:MSVCR100.dll
 0001:000512a0       __CppXcptFilter            00000001800522a0 f   MSVCRT:MSVCR100.dll
 0001:000512a8       DllMain                    00000001800522a8 f   MSVCRT:dllmain.obj
 0001:000512cc       __security_init_cookie     00000001800522cc f   MSVCRT:gs_support.obj
 0001:00051380       __crt_debugger_hook        0000000180052380 f   MSVCRT:MSVCR100.dll
 0001:00051386       __clean_type_info_names_internal 0000000180052386 f   MSVCRT:MSVCR100.dll
 0001:0005138c       _unlock                    000000018005238c f   MSVCRT:MSVCR100.dll
 0001:00051392       __dllonexit                0000000180052392 f   MSVCRT:MSVCR100.dll
 0001:00051398       _lock                      0000000180052398 f   MSVCRT:MSVCR100.dll
 0001:0005139e       EncodePointer              000000018005239e f   kernel32:KERNEL32.dll
 0001:000513a4       DecodePointer              00000001800523a4 f   kernel32:KERNEL32.dll
 0001:000513aa       Sleep                      00000001800523aa f   kernel32:KERNEL32.dll
 0001:000513b0       TerminateProcess           00000001800523b0 f   kernel32:KERNEL32.dll
 0001:000513b6       GetCurrentProcess          00000001800523b6 f   kernel32:KERNEL32.dll
 0001:000513bc       UnhandledExceptionFilter   00000001800523bc f   kernel32:KERNEL32.dll
 0001:000513c2       SetUnhandledExceptionFilter 00000001800523c2 f   kernel32:KERNEL32.dll
 0001:000513c8       IsDebuggerPresent          00000001800523c8 f   kernel32:KERNEL32.dll
 0001:000513ce       RtlVirtualUnwind           00000001800523ce f   kernel32:KERNEL32.dll
 0001:000513d4       RtlLookupFunctionEntry     00000001800523d4 f   kernel32:KERNEL32.dll
 0001:000513da       RtlCaptureContext          00000001800523da f   kernel32:KERNEL32.dll
 0001:000513e0       DisableThreadLibraryCalls  00000001800523e0 f   kernel32:KERNEL32.dll
 0001:000513e6       QueryPerformanceCounter    00000001800523e6 f   kernel32:KERNEL32.dll
 0001:000513ec       GetTickCount               00000001800523ec f   kernel32:KERNEL32.dll
 0001:000513f2       GetCurrentThreadId         00000001800523f2 f   kernel32:KERNEL32.dll
 0001:000513f8       GetCurrentProcessId        00000001800523f8 f   kernel32:KERNEL32.dll
 0001:000513fe       GetSystemTimeAsFileTime    00000001800523fe f   kernel32:KERNEL32.dll
 0002:00000000       __imp_GetSystemTimeAsFileTime 0000000180053000     kernel32:KERNEL32.dll
 0002:00000008       __imp_GetCurrentProcessId  0000000180053008     kernel32:KERNEL32.dll
 0002:00000010       __imp_GetCurrentThreadId   0000000180053010     kernel32:KERNEL32.dll
 0002:00000018       __imp_GetTickCount         0000000180053018     kernel32:KERNEL32.dll
 0002:00000020       __imp_QueryPerformanceCounter 0000000180053020     kernel32:KERNEL32.dll
 0002:00000028       __imp_DisableThreadLibraryCalls 0000000180053028     kernel32:KERNEL32.dll
 0002:00000030       __imp_RtlCaptureContext    0000000180053030     kernel32:KERNEL32.dll
 0002:00000038       __imp_RtlLookupFunctionEntry 0000000180053038     kernel32:KERNEL32.dll
 0002:00000040       __imp_RtlVirtualUnwind     0000000180053040     kernel32:KERNEL32.dll
 0002:00000048       __imp_IsDebuggerPresent    0000000180053048     kernel32:KERNEL32.dll
 0002:00000050       __imp_SetUnhandledExceptionFilter 0000000180053050     kernel32:KERNEL32.dll
 0002:00000058       __imp_UnhandledExceptionFilter 0000000180053058     kernel32:KERNEL32.dll
 0002:00000060       __imp_GetCurrentProcess    0000000180053060     kernel32:KERNEL32.dll
 0002:00000068       __imp_TerminateProcess     0000000180053068     kernel32:KERNEL32.dll
 0002:00000070       __imp_Sleep                0000000180053070     kernel32:KERNEL32.dll
 0002:00000078       __imp_DecodePointer        0000000180053078     kernel32:KERNEL32.dll
 0002:00000080       __imp_EncodePointer        0000000180053080     kernel32:KERNEL32.dll
 0002:00000088       \177KERNEL32_NULL_THUNK_DATA 0000000180053088     kernel32:KERNEL32.dll
 0002:00000090       __imp__onexit              0000000180053090     MSVCRT:MSVCR100.dll
 0002:00000098       __imp__lock                0000000180053098     MSVCRT:MSVCR100.dll
 0002:000000a0       __imp___dllonexit          00000001800530a0     MSVCRT:MSVCR100.dll
 0002:000000a8       __imp__unlock              00000001800530a8     MSVCRT:MSVCR100.dll
 0002:000000b0       __imp___clean_type_info_names_internal 00000001800530b0     MSVCRT:MSVCR100.dll
 0002:000000b8       __imp___crt_debugger_hook  00000001800530b8     MSVCRT:MSVCR100.dll
 0002:000000c0       __imp___CppXcptFilter      00000001800530c0     MSVCRT:MSVCR100.dll
 0002:000000c8       __imp___C_specific_handler 00000001800530c8     MSVCRT:MSVCR100.dll
 0002:000000d0       __imp__amsg_exit           00000001800530d0     MSVCRT:MSVCR100.dll
 0002:000000d8       __imp__encoded_null        00000001800530d8     MSVCRT:MSVCR100.dll
 0002:000000e0       __imp__initterm_e          00000001800530e0     MSVCRT:MSVCR100.dll
 0002:000000e8       __imp__initterm            00000001800530e8     MSVCRT:MSVCR100.dll
 0002:000000f0       __imp__malloc_crt          00000001800530f0     MSVCRT:MSVCR100.dll
 0002:000000f8       __imp_memcpy               00000001800530f8     MSVCRT:MSVCR100.dll
 0002:00000100       __imp_strcat               0000000180053100     MSVCRT:MSVCR100.dll
 0002:00000108       __imp_malloc               0000000180053108     MSVCRT:MSVCR100.dll
 0002:00000110       __imp_sprintf              0000000180053110     MSVCRT:MSVCR100.dll
 0002:00000118       __imp_free                 0000000180053118     MSVCRT:MSVCR100.dll
 0002:00000120       __imp_memset               0000000180053120     MSVCRT:MSVCR100.dll
 0002:00000128       __imp_strlen               0000000180053128     MSVCRT:MSVCR100.dll
 0002:00000130       __imp_strcmp               0000000180053130     MSVCRT:MSVCR100.dll
 0002:00000138       \177MSVCR100_NULL_THUNK_DATA 0000000180053138     MSVCRT:MSVCR100.dll
 0002:00000140       __imp_mexMakeArrayPersistent 0000000180053140     libmex:libmex.dll
 0002:00000148       __imp_mexIsLocked          0000000180053148     libmex:libmex.dll
 0002:00000150       __imp_mexWarnMsgTxt        0000000180053150     libmex:libmex.dll
 0002:00000158       __imp_mexCallMATLABWithObject 0000000180053158     libmex:libmex.dll
 0002:00000160       __imp_mexErrMsgTxt         0000000180053160     libmex:libmex.dll
 0002:00000168       __imp_mexLock              0000000180053168     libmex:libmex.dll
 0002:00000170       __imp_mexUnlock            0000000180053170     libmex:libmex.dll
 0002:00000178       \177libmex_NULL_THUNK_DATA 0000000180053178     libmex:libmex.dll
 0002:00000180       __imp_muDoubleScalarAtan2  0000000180053180     libmwmathutil:libmwmathutil.dll
 0002:00000188       __imp_muDoubleScalarAbs    0000000180053188     libmwmathutil:libmwmathutil.dll
 0002:00000190       __imp_muDoubleScalarSin    0000000180053190     libmwmathutil:libmwmathutil.dll
 0002:00000198       __imp_muDoubleScalarSqrt   0000000180053198     libmwmathutil:libmwmathutil.dll
 0002:000001a0       __imp_muDoubleScalarFloor  00000001800531a0     libmwmathutil:libmwmathutil.dll
 0002:000001a8       __imp_muDoubleScalarRound  00000001800531a8     libmwmathutil:libmwmathutil.dll
 0002:000001b0       __imp_muDoubleScalarIsNaN  00000001800531b0     libmwmathutil:libmwmathutil.dll
 0002:000001b8       __imp_muDoubleScalarIsInf  00000001800531b8     libmwmathutil:libmwmathutil.dll
 0002:000001c0       __imp_muDoubleScalarSign   00000001800531c0     libmwmathutil:libmwmathutil.dll
 0002:000001c8       __imp_muDoubleScalarCos    00000001800531c8     libmwmathutil:libmwmathutil.dll
 0002:000001d0       \177libmwmathutil_NULL_THUNK_DATA 00000001800531d0     libmwmathutil:libmwmathutil.dll
 0002:000001d8       __imp_mxCalloc             00000001800531d8     libmx:libmx.dll
 0002:000001e0       __imp_mxGetM               00000001800531e0     libmx:libmx.dll
 0002:000001e8       __imp_mxGetN               00000001800531e8     libmx:libmx.dll
 0002:000001f0       __imp_mxIsComplex          00000001800531f0     libmx:libmx.dll
 0002:000001f8       __imp_mxIsNumeric          00000001800531f8     libmx:libmx.dll
 0002:00000200       __imp_mxGetClassID         0000000180053200     libmx:libmx.dll
 0002:00000208       __imp_mxIsEmpty            0000000180053208     libmx:libmx.dll
 0002:00000210       __imp_mxGetInf             0000000180053210     libmx:libmx.dll
 0002:00000218       __imp_mxCreateStructArray_730 0000000180053218     libmx:libmx.dll
 0002:00000220       __imp_mxCreateCellArray_730 0000000180053220     libmx:libmx.dll
 0002:00000228       __imp_mxCreateCellMatrix_730 0000000180053228     libmx:libmx.dll
 0002:00000230       __imp_mxCreateStructMatrix_730 0000000180053230     libmx:libmx.dll
 0002:00000238       __imp_mxCreateLogicalScalar 0000000180053238     libmx:libmx.dll
 0002:00000240       __imp_mxGetScalar          0000000180053240     libmx:libmx.dll
 0002:00000248       __imp_mxGetPr              0000000180053248     libmx:libmx.dll
 0002:00000250       __imp_mxCreateDoubleMatrix_730 0000000180053250     libmx:libmx.dll
 0002:00000258       __imp_mxGetString_730      0000000180053258     libmx:libmx.dll
 0002:00000260       __imp_mxIsChar             0000000180053260     libmx:libmx.dll
 0002:00000268       __imp_mxDestroyArray       0000000180053268     libmx:libmx.dll
 0002:00000270       __imp_mxDuplicateArray     0000000180053270     libmx:libmx.dll
 0002:00000278       __imp_mxCreateDoubleScalar 0000000180053278     libmx:libmx.dll
 0002:00000280       __imp_mxSetField_730       0000000180053280     libmx:libmx.dll
 0002:00000288       __imp_mxCreateString       0000000180053288     libmx:libmx.dll
 0002:00000290       \177libmx_NULL_THUNK_DATA  0000000180053290     libmx:libmx.dll
 0002:00000298       __imp_utMalloc             0000000180053298     libut:libut.dll
 0002:000002a0       __imp_utFree               00000001800532a0     libut:libut.dll
 0002:000002a8       \177libut_NULL_THUNK_DATA  00000001800532a8     libut:libut.dll
 0002:000002b0       __imp_call_sf_machine_global_method_dispatcher 00000001800532b0     sf_runtime:sf_runtime.dll
 0002:000002b8       __imp_callMdlMethodAndReportError 00000001800532b8     sf_runtime:sf_runtime.dll
 0002:000002c0       __imp_sf_debug_api         00000001800532c0     sf_runtime:sf_runtime.dll
 0002:000002c8       __imp_sf_debug_create_debug_instance_struct 00000001800532c8     sf_runtime:sf_runtime.dll
 0002:000002d0       __imp_sf_debug_terminate   00000001800532d0     sf_runtime:sf_runtime.dll
 0002:000002d8       __imp_sf_mex_listen_for_ctrl_c 00000001800532d8     sf_runtime:sf_runtime.dll
 0002:000002e0       __imp_cv_eml_init_for      00000001800532e0     sf_runtime:sf_runtime.dll
 0002:000002e8       __imp_sf_debug_integer_check 00000001800532e8     sf_runtime:sf_runtime.dll
 0002:000002f0       __imp_sf_clear_error_manager_info 00000001800532f0     sf_runtime:sf_runtime.dll
 0002:000002f8       __imp_sf_mex_printf        00000001800532f8     sf_runtime:sf_runtime.dll
 0002:00000300       __imp_sf_clear_rtw_identifier 0000000180053300     sf_runtime:sf_runtime.dll
 0002:00000308       __imp_sf_mex_getcell       0000000180053308     sf_runtime:sf_runtime.dll
 0002:00000310       __imp_sf_mex_setcell       0000000180053310     sf_runtime:sf_runtime.dll
 0002:00000318       __imp_sf_debug_symbol_scope_push 0000000180053318     sf_runtime:sf_runtime.dll
 0002:00000320       __imp_sf_debug_call        0000000180053320     sf_runtime:sf_runtime.dll
 0002:00000328       __imp_sf_debug_symbol_scope_push_eml 0000000180053328     sf_runtime:sf_runtime.dll
 0002:00000330       __imp_sf_debug_symbol_scope_add_eml 0000000180053330     sf_runtime:sf_runtime.dll
 0002:00000338       __imp_sf_debug_symbol_scope_add_eml_importable 0000000180053338     sf_runtime:sf_runtime.dll
 0002:00000340       __imp_sf_mex_error_direct_call 0000000180053340     sf_runtime:sf_runtime.dll
 0002:00000348       __imp_sf_debug_eml_data_array_bounds_error_check 0000000180053348     sf_runtime:sf_runtime.dll
 0002:00000350       __imp_cv_eml_eval          0000000180053350     sf_runtime:sf_runtime.dll
 0002:00000358       __imp_eml_debug_line_call  0000000180053358     sf_runtime:sf_runtime.dll
 0002:00000360       __imp_cv_eval_relational   0000000180053360     sf_runtime:sf_runtime.dll
 0002:00000368       __imp_sf_mex_call_debug    0000000180053368     sf_runtime:sf_runtime.dll
 0002:00000370       __imp_sf_debug_symbol_scope_pop 0000000180053370     sf_runtime:sf_runtime.dll
 0002:00000378       __imp_sf_debug_check_for_state_inconsistency 0000000180053378     sf_runtime:sf_runtime.dll
 0002:00000380       __imp_sf_debug_data_range_wrapper 0000000180053380     sf_runtime:sf_runtime.dll
 0002:00000388       __imp_sf_get_time          0000000180053388     sf_runtime:sf_runtime.dll
 0002:00000390       __imp_sf_mex_import        0000000180053390     sf_runtime:sf_runtime.dll
 0002:00000398       __imp_sf_mex_dup           0000000180053398     sf_runtime:sf_runtime.dll
 0002:000003a0       __imp_sf_debug_initialize_chart 00000001800533a0     sf_runtime:sf_runtime.dll
 0002:000003a8       __imp_sf_debug_set_chart_disable_implicit_casting 00000001800533a8     sf_runtime:sf_runtime.dll
 0002:000003b0       __imp_sf_debug_set_chart_event_thresholds 00000001800533b0     sf_runtime:sf_runtime.dll
 0002:000003b8       __imp_sf_debug_set_chart_data_props 00000001800533b8     sf_runtime:sf_runtime.dll
 0002:000003c0       __imp_sf_debug_set_chart_state_info 00000001800533c0     sf_runtime:sf_runtime.dll
 0002:000003c8       __imp_sf_debug_set_chart_substate_count 00000001800533c8     sf_runtime:sf_runtime.dll
 0002:000003d0       __imp_sf_debug_set_chart_decomposition 00000001800533d0     sf_runtime:sf_runtime.dll
 0002:000003d8       __imp_sf_debug_cv_init_chart 00000001800533d8     sf_runtime:sf_runtime.dll
 0002:000003e0       __imp_sf_debug_cv_init_state 00000001800533e0     sf_runtime:sf_runtime.dll
 0002:000003e8       __imp_sf_debug_cv_init_trans 00000001800533e8     sf_runtime:sf_runtime.dll
 0002:000003f0       __imp_cv_eml_init_script   00000001800533f0     sf_runtime:sf_runtime.dll
 0002:000003f8       __imp_cv_eml_init_fcn      00000001800533f8     sf_runtime:sf_runtime.dll
 0002:00000400       __imp_cv_eml_init_if       0000000180053400     sf_runtime:sf_runtime.dll
 0002:00000408       __imp_cv_eml_init_relational 0000000180053408     sf_runtime:sf_runtime.dll
 0002:00000410       __imp_sf_debug_set_chart_data_compiled_props 0000000180053410     sf_runtime:sf_runtime.dll
 0002:00000418       __imp_sf_debug_set_instance_data_value_ptr 0000000180053418     sf_runtime:sf_runtime.dll
 0002:00000420       __imp_sf_debug_reset_current_state_configuration 0000000180053420     sf_runtime:sf_runtime.dll
 0002:00000428       __imp_sf_mex_decode_encoded_mx_struct_array 0000000180053428     sf_runtime:sf_runtime.dll
 0002:00000430       __imp_ssGetOutputPortSignal_wrapper 0000000180053430     sf_runtime:sf_runtime.dll
 0002:00000438       __imp_ssGetInputPortSignal_wrapper 0000000180053438     sf_runtime:sf_runtime.dll
 0002:00000440       __imp_sim_mode_is_rtw_gen  0000000180053440     sf_runtime:sf_runtime.dll
 0002:00000448       __imp_sim_mode_is_external 0000000180053448     sf_runtime:sf_runtime.dll
 0002:00000450       __imp_sf_is_chart_inlinable 0000000180053450     sf_runtime:sf_runtime.dll
 0002:00000458       __imp_sf_rtw_info_uint_prop 0000000180053458     sf_runtime:sf_runtime.dll
 0002:00000460       __imp_sf_update_buildInfo  0000000180053460     sf_runtime:sf_runtime.dll
 0002:00000468       __imp_sf_mark_chart_expressionable_inputs 0000000180053468     sf_runtime:sf_runtime.dll
 0002:00000470       __imp_sf_mark_chart_reusable_outputs 0000000180053470     sf_runtime:sf_runtime.dll
 0002:00000478       __imp_sf_set_rtw_dwork_info 0000000180053478     sf_runtime:sf_runtime.dll
 0002:00000480       __imp_sf_mex_error_message 0000000180053480     sf_runtime:sf_runtime.dll
 0002:00000488       __imp_sf_mex_create        0000000180053488     sf_runtime:sf_runtime.dll
 0002:00000490       __imp_sf_mex_addfield      0000000180053490     sf_runtime:sf_runtime.dll
 0002:00000498       __imp_sf_mex_createcellmatrix 0000000180053498     sf_runtime:sf_runtime.dll
 0002:000004a0       __imp_sf_mex_duplicatearraysafe 00000001800534a0     sf_runtime:sf_runtime.dll
 0002:000004a8       __imp_sf_mex_destroy       00000001800534a8     sf_runtime:sf_runtime.dll
 0002:000004b0       __imp_sf_mex_createstruct  00000001800534b0     sf_runtime:sf_runtime.dll
 0002:000004b8       __imp_sf_mex_assign        00000001800534b8     sf_runtime:sf_runtime.dll
 0002:000004c0       __imp_sf_mex_emlrtNameCapturePostProcessR2012a 00000001800534c0     sf_runtime:sf_runtime.dll
 0002:000004c8       __imp_sf_load_rtw_optimization_info 00000001800534c8     sf_runtime:sf_runtime.dll
 0002:000004d0       __imp_sf_debug_initialize_machine 00000001800534d0     sf_runtime:sf_runtime.dll
 0002:000004d8       __imp_sf_debug_set_machine_event_thresholds 00000001800534d8     sf_runtime:sf_runtime.dll
 0002:000004e0       __imp_sf_debug_set_machine_data_thresholds 00000001800534e0     sf_runtime:sf_runtime.dll
 0002:000004e8       \177sf_runtime_NULL_THUNK_DATA 00000001800534e8     sf_runtime:sf_runtime.dll
 0002:000004f0       __xc_a                     00000001800534f0     MSVCRT:cinitexe.obj
 0002:000004f8       __xc_z                     00000001800534f8     MSVCRT:cinitexe.obj
 0002:00000500       __xi_a                     0000000180053500     MSVCRT:cinitexe.obj
 0002:00000510       __xi_z                     0000000180053510     MSVCRT:cinitexe.obj
 0002:00000520       __real@41a25caf52000000    0000000180053520     sl_quadrotorAttitudeGuidance_sfun.obj
 0002:00000528       __real@41e9cf3c34c00000    0000000180053528     sl_quadrotorAttitudeGuidance_sfun.obj
 0002:00000530       __real@41c12b7eaf800000    0000000180053530     sl_quadrotorAttitudeGuidance_sfun.obj
 0002:00000538       __real@41ec64a9f3e00000    0000000180053538     sl_quadrotorAttitudeGuidance_sfun.obj
 0002:00000540       __real@41e1914a24400000    0000000180053540     sl_quadrotorAttitudeGuidance_sfun.obj
 0002:00000548       __real@41ead1319ec00000    0000000180053548     sl_quadrotorAttitudeGuidance_sfun.obj
 0002:00000550       __real@41ddae3573400000    0000000180053550     sl_quadrotorAttitudeGuidance_sfun.obj
 0002:00000558       __real@41e6cf0aa2400000    0000000180053558     sl_quadrotorAttitudeGuidance_sfun.obj
 0002:00000560       __real@41e06fd68de00000    0000000180053560     sl_quadrotorAttitudeGuidance_sfun.obj
 0002:00000568       __real@41e517b22b200000    0000000180053568     sl_quadrotorAttitudeGuidance_sfun.obj
 0002:00000570       __real@41deaf10cfc00000    0000000180053570     sl_quadrotorAttitudeGuidance_sfun.obj
 0002:00000578       __real@41e7788c9e000000    0000000180053578     sl_quadrotorAttitudeGuidance_sfun.obj
 0002:00000580       __real@41d926a871800000    0000000180053580     sl_quadrotorAttitudeGuidance_sfun.obj
 0002:00000588       __real@41b9f603f7000000    0000000180053588     sl_quadrotorAttitudeGuidance_sfun.obj
 0002:00000590       __real@41c6c0c40b000000    0000000180053590     sl_quadrotorAttitudeGuidance_sfun.obj
 0002:00000598       __real@41ee62393e600000    0000000180053598     sl_quadrotorAttitudeGuidance_sfun.obj
 0002:000005a0       __real@41ea4c20f5800000    00000001800535a0     c1_sl_quadrotorAttitudeGuidance.obj
 0002:000005a8       __real@41dde4039a400000    00000001800535a8     c1_sl_quadrotorAttitudeGuidance.obj
 0002:000005b0       __real@41d897d5cf800000    00000001800535b0     c1_sl_quadrotorAttitudeGuidance.obj
 0002:000005b8       __real@41d449e4e2c00000    00000001800535b8     c1_sl_quadrotorAttitudeGuidance.obj
 0002:000005c0       __real@4024000000000000    00000001800535c0     c1_sl_quadrotorAttitudeGuidance.obj
 0002:000005c8       __real@402e000000000000    00000001800535c8     c1_sl_quadrotorAttitudeGuidance.obj
 0002:000005d0       __real@3ff0000000000000    00000001800535d0     c1_sl_quadrotorAttitudeGuidance.obj
 0002:000005d8       __real@0000000000000000    00000001800535d8     c1_sl_quadrotorAttitudeGuidance.obj
 0002:000005e0       __real@4010000000000000    00000001800535e0     c1_sl_quadrotorAttitudeGuidance.obj
 0002:000005e8       __real@41cdfe9796800000    00000001800535e8     c2_sl_quadrotorAttitudeGuidance.obj
 0002:000005f0       __real@41c780faa1000000    00000001800535f0     c2_sl_quadrotorAttitudeGuidance.obj
 0002:000005f8       __real@41de45c033c00000    00000001800535f8     c2_sl_quadrotorAttitudeGuidance.obj
 0002:00000600       __real@41ef58561a800000    0000000180053600     c2_sl_quadrotorAttitudeGuidance.obj
 0002:00000608       __real@4028000000000000    0000000180053608     c2_sl_quadrotorAttitudeGuidance.obj
 0002:00000610       __real@3fe0000000000000    0000000180053610     c2_sl_quadrotorAttitudeGuidance.obj
 0002:00000618       __real@4008000000000000    0000000180053618     c2_sl_quadrotorAttitudeGuidance.obj
 0002:00000620       __real@4000000000000000    0000000180053620     c2_sl_quadrotorAttitudeGuidance.obj
 0002:00000628       __real@4059000000000000    0000000180053628     c2_sl_quadrotorAttitudeGuidance.obj
 0002:00000630       __real@4066800000000000    0000000180053630     c2_sl_quadrotorAttitudeGuidance.obj
 0002:00000638       __real@400921fb54442d18    0000000180053638     c2_sl_quadrotorAttitudeGuidance.obj
 0002:00000640       __real@40239eb851eb851f    0000000180053640     c2_sl_quadrotorAttitudeGuidance.obj
 0002:00000650       __mask@@NegDouble@         0000000180053650     c2_sl_quadrotorAttitudeGuidance.obj
 0002:00000660       __real@3fc657184ae74487    0000000180053660     c2_sl_quadrotorAttitudeGuidance.obj
 0002:00000668       __real@3fd657184ae74487    0000000180053668     c2_sl_quadrotorAttitudeGuidance.obj
 0002:00000670       __real@4036000000000000    0000000180053670     c2_sl_quadrotorAttitudeGuidance.obj
 0002:00000678       __real@c00921fb54442d18    0000000180053678     c2_sl_quadrotorAttitudeGuidance.obj
 0002:00000680       __real@3cb0000000000000    0000000180053680     c2_sl_quadrotorAttitudeGuidance.obj
 0002:00000688       __real@401921fb54442d18    0000000180053688     c2_sl_quadrotorAttitudeGuidance.obj
 0002:00000690       __real@41b033dfe5000000    0000000180053690     c3_sl_quadrotorAttitudeGuidance.obj
 0002:00000698       __real@41e06f163ec00000    0000000180053698     c3_sl_quadrotorAttitudeGuidance.obj
 0002:000006a0       __real@41b11756e8000000    00000001800536a0     c3_sl_quadrotorAttitudeGuidance.obj
 0002:000006a8       __real@41d313415d000000    00000001800536a8     c3_sl_quadrotorAttitudeGuidance.obj
 0002:000006b0       __real@4030000000000000    00000001800536b0     c3_sl_quadrotorAttitudeGuidance.obj
 0002:000006b8       __real@4018000000000000    00000001800536b8     c3_sl_quadrotorAttitudeGuidance.obj
 0002:000006c0       __real@41d98fc14d400000    00000001800536c0     c4_sl_quadrotorAttitudeGuidance.obj
 0002:000006c8       __real@41eecd11de200000    00000001800536c8     c4_sl_quadrotorAttitudeGuidance.obj
 0002:000006d0       __real@41b39e17a7000000    00000001800536d0     c4_sl_quadrotorAttitudeGuidance.obj
 0002:000006d8       __real@41cf91e046800000    00000001800536d8     c4_sl_quadrotorAttitudeGuidance.obj
 0002:000006e0       __real@405bc00000000000    00000001800536e0     c4_sl_quadrotorAttitudeGuidance.obj
 0002:000006e8       __real@4014000000000000    00000001800536e8     c4_sl_quadrotorAttitudeGuidance.obj
 0002:000006f0       __real@401c000000000000    00000001800536f0     c4_sl_quadrotorAttitudeGuidance.obj
 0002:000006f8       __real@41867f0ef8000000    00000001800536f8     c5_sl_quadrotorAttitudeGuidance.obj
 0002:00000700       __real@41d8ce6014c00000    0000000180053700     c5_sl_quadrotorAttitudeGuidance.obj
 0002:00000708       __real@41de54b0d4800000    0000000180053708     c5_sl_quadrotorAttitudeGuidance.obj
 0002:00000710       __real@41bb8b9399000000    0000000180053710     c5_sl_quadrotorAttitudeGuidance.obj
 0002:00000720       DYNAMIC_DIMENSION_DEF      0000000180053720     sl_quadrotorAttitudeGuidance_sfun_registry.obj
 0002:00000740       _ssBadLevel2InputAccessMsg 0000000180053740     sl_quadrotorAttitudeGuidance_sfun_registry.obj
 0002:000008d0       _ssBadLevel2DirectFeedMsg  00000001800538d0     sl_quadrotorAttitudeGuidance_sfun_registry.obj
 0002:00000a10       _ssBadLevel2DirectFeedSolutionMsg 0000000180053a10     sl_quadrotorAttitudeGuidance_sfun_registry.obj
 0002:00000a80       _ssBadLevel2ZeroDirectFeedMsg 0000000180053a80     sl_quadrotorAttitudeGuidance_sfun_registry.obj
 0002:00000bc0       _ssBadLevel2ZeroDirectFeedMsg2 0000000180053bc0     sl_quadrotorAttitudeGuidance_sfun_registry.obj
 0002:00000ca8       __real@bff0000000000000    0000000180053ca8     sl_quadrotorAttitudeGuidance_sfun_registry.obj
 0002:00000cb0       __real@41602cbca0000000    0000000180053cb0     sl_quadrotorAttitudeGuidance_sfun_registry.obj
 0002:00000cb8       _pDefaultRawDllMain        0000000180053cb8     MSVCRT:crtdll.obj
 0002:00000cb8       _pRawDllMain               0000000180053cb8     MSVCRT:crtdll.obj
 0002:00000cd0       ?ProcessDetach@NativeDll@<CrtImplementationDetails>@@0IB 0000000180053cd0     MSVCRT:tncleanup.obj
 0002:00000cd4       ?ProcessAttach@NativeDll@<CrtImplementationDetails>@@0IB 0000000180053cd4     MSVCRT:tncleanup.obj
 0002:00000cd8       ?ThreadAttach@NativeDll@<CrtImplementationDetails>@@0IB 0000000180053cd8     MSVCRT:tncleanup.obj
 0002:00000cdc       ?ThreadDetach@NativeDll@<CrtImplementationDetails>@@0IB 0000000180053cdc     MSVCRT:tncleanup.obj
 0002:00000ce0       ?ProcessVerifier@NativeDll@<CrtImplementationDetails>@@0IB 0000000180053ce0     MSVCRT:tncleanup.obj
 0002:00000ce8       __rtc_iaa                  0000000180053ce8     MSVCRT:_initsect_.obj
 0002:00000cf0       __rtc_izz                  0000000180053cf0     MSVCRT:_initsect_.obj
 0002:00000cf8       __rtc_taa                  0000000180053cf8     MSVCRT:_initsect_.obj
 0002:00000d00       __rtc_tzz                  0000000180053d00     MSVCRT:_initsect_.obj
 0002:00001be4       __IMPORT_DESCRIPTOR_sf_runtime 0000000180054be4     sf_runtime:sf_runtime.dll
 0002:00001bf8       __IMPORT_DESCRIPTOR_libmx  0000000180054bf8     libmx:libmx.dll
 0002:00001c0c       __IMPORT_DESCRIPTOR_libmex 0000000180054c0c     libmex:libmex.dll
 0002:00001c20       __IMPORT_DESCRIPTOR_libut  0000000180054c20     libut:libut.dll
 0002:00001c34       __IMPORT_DESCRIPTOR_libmwmathutil 0000000180054c34     libmwmathutil:libmwmathutil.dll
 0002:00001c48       __IMPORT_DESCRIPTOR_MSVCR100 0000000180054c48     MSVCRT:MSVCR100.dll
 0002:00001c5c       __IMPORT_DESCRIPTOR_KERNEL32 0000000180054c5c     kernel32:KERNEL32.dll
 0002:00001c70       __NULL_IMPORT_DESCRIPTOR   0000000180054c70     sf_runtime:sf_runtime.dll
 0003:00013be0       DYNAMIC_DIMENSION          0000000180069be0     sl_quadrotorAttitudeGuidance_sfun_registry.obj
 0003:000147e8       __security_cookie          000000018006a7e8     MSVCRT:gs_cookie.obj
 0003:000147f0       __security_cookie_complement 000000018006a7f0     MSVCRT:gs_cookie.obj
 0003:000147f8       _fltused                   000000018006a7f8     MSVCRT:dllsupp.obj
 0003:00014800       __native_dllmain_reason    000000018006a800     MSVCRT:natstart.obj
 0003:00014804       __native_vcclrit_reason    000000018006a804     MSVCRT:natstart.obj
 0003:00014978       sfGlobalDebugInstanceStruct 000000018006a978     sl_quadrotorAttitudeGuidance_sfun_registry.obj
 0003:00014f00       ?__type_info_root_node@@3U__type_info_node@@A 000000018006af00     MSVCRT:tncleanup.obj
 0003:00014f10       _sl_quadrotorAttitudeGuidanceMachineNumber_ 000000018006af10     <common>
 0003:00014f14       __native_startup_state     000000018006af14     <common>
 0003:00014f18       __native_startup_lock      000000018006af18     <common>
 0003:00014f20       __onexitend                000000018006af20     <common>
 0003:00014f28       __onexitbegin              000000018006af28     <common>
 0003:00014f30       __dyn_tls_init_callback    000000018006af30     <common>

 entry point at        0001:00050ee0

 Static symbols

 0001:00001440       c1_info_helper             0000000180002440 f   c1_sl_quadrotorAttitudeGuidance.obj
 0001:000018d0       c1_emlrt_marshallOut       00000001800028d0 f   c1_sl_quadrotorAttitudeGuidance.obj
 0001:00001960       c1_b_emlrt_marshallOut     0000000180002960 f   c1_sl_quadrotorAttitudeGuidance.obj
 0001:000028d0       mdlProcessParameters_c1_sl_quadrotorAttitudeGuidance 00000001800038d0 f   c1_sl_quadrotorAttitudeGuidance.obj
 0001:000029b0       initialize_params_c1_sl_quadrotorAttitudeGuidance 00000001800039b0 f   c1_sl_quadrotorAttitudeGuidance.obj
 0001:000029c0       mdlSetWorkWidths_c1_sl_quadrotorAttitudeGuidance 00000001800039c0 f   c1_sl_quadrotorAttitudeGuidance.obj
 0001:00002f20       sf_get_instance_specialization 0000000180003f20 f   c1_sl_quadrotorAttitudeGuidance.obj
 0001:00002f30       mdlStart_c1_sl_quadrotorAttitudeGuidance 0000000180003f30 f   c1_sl_quadrotorAttitudeGuidance.obj
 0001:000031b0       init_dsm_address_info      00000001800041b0 f   c1_sl_quadrotorAttitudeGuidance.obj
 0001:000031c0       init_simulink_io_address   00000001800041c0 f   c1_sl_quadrotorAttitudeGuidance.obj
 0001:000032d0       sf_get_sim_state_info_c1_sl_quadrotorAttitudeGuidance 00000001800042d0 f   c1_sl_quadrotorAttitudeGuidance.obj
 0001:00003390       chart_debug_initialization 0000000180004390 f   c1_sl_quadrotorAttitudeGuidance.obj
 0001:00004470       init_script_number_translation 0000000180005470 f   c1_sl_quadrotorAttitudeGuidance.obj
 0001:00004490       c1_c_sf_marshallOut        0000000180005490 f   c1_sl_quadrotorAttitudeGuidance.obj
 0001:00004600       c1_c_sf_marshallIn         0000000180005600 f   c1_sl_quadrotorAttitudeGuidance.obj
 0001:00004710       c1_f_emlrt_marshallIn      0000000180005710 f   c1_sl_quadrotorAttitudeGuidance.obj
 0001:00004810       sf_opaque_initialize_c1_sl_quadrotorAttitudeGuidance 0000000180005810 f   c1_sl_quadrotorAttitudeGuidance.obj
 0001:00004850       initialize_c1_sl_quadrotorAttitudeGuidance 0000000180005850 f   c1_sl_quadrotorAttitudeGuidance.obj
 0001:000048b0       sf_opaque_enable_c1_sl_quadrotorAttitudeGuidance 00000001800058b0 f   c1_sl_quadrotorAttitudeGuidance.obj
 0001:000048d0       enable_c1_sl_quadrotorAttitudeGuidance 00000001800058d0 f   c1_sl_quadrotorAttitudeGuidance.obj
 0001:00004900       sf_opaque_disable_c1_sl_quadrotorAttitudeGuidance 0000000180005900 f   c1_sl_quadrotorAttitudeGuidance.obj
 0001:00004920       disable_c1_sl_quadrotorAttitudeGuidance 0000000180005920 f   c1_sl_quadrotorAttitudeGuidance.obj
 0001:00004950       sf_opaque_gateway_c1_sl_quadrotorAttitudeGuidance 0000000180005950 f   c1_sl_quadrotorAttitudeGuidance.obj
 0001:00004970       sf_gateway_c1_sl_quadrotorAttitudeGuidance 0000000180005970 f   c1_sl_quadrotorAttitudeGuidance.obj
 0001:00006a70       c1_sf_marshallOut          0000000180007a70 f   c1_sl_quadrotorAttitudeGuidance.obj
 0001:00006b90       c1_sf_marshallIn           0000000180007b90 f   c1_sl_quadrotorAttitudeGuidance.obj
 0001:00006c30       c1_b_emlrt_marshallIn      0000000180007c30 f   c1_sl_quadrotorAttitudeGuidance.obj
 0001:00006cf0       c1_b_sf_marshallOut        0000000180007cf0 f   c1_sl_quadrotorAttitudeGuidance.obj
 0001:00006f50       c1_b_sf_marshallIn         0000000180007f50 f   c1_sl_quadrotorAttitudeGuidance.obj
 0001:000070a0       c1_d_emlrt_marshallIn      00000001800080a0 f   c1_sl_quadrotorAttitudeGuidance.obj
 0001:000071d0       c1_d_sf_marshallOut        00000001800081d0 f   c1_sl_quadrotorAttitudeGuidance.obj
 0001:00007280       c1_d_sf_marshallIn         0000000180008280 f   c1_sl_quadrotorAttitudeGuidance.obj
 0001:00007320       c1_g_emlrt_marshallIn      0000000180008320 f   c1_sl_quadrotorAttitudeGuidance.obj
 0001:000073b0       c1_e_sf_marshallOut        00000001800083b0 f   c1_sl_quadrotorAttitudeGuidance.obj
 0001:000074e0       c1_e_sf_marshallIn         00000001800084e0 f   c1_sl_quadrotorAttitudeGuidance.obj
 0001:000075b0       c1_h_emlrt_marshallIn      00000001800085b0 f   c1_sl_quadrotorAttitudeGuidance.obj
 0001:00007690       c1_f_sf_marshallOut        0000000180008690 f   c1_sl_quadrotorAttitudeGuidance.obj
 0001:00007800       c1_f_sf_marshallIn         0000000180008800 f   c1_sl_quadrotorAttitudeGuidance.obj
 0001:000078f0       c1_i_emlrt_marshallIn      00000001800088f0 f   c1_sl_quadrotorAttitudeGuidance.obj
 0001:000079f0       c1_g_sf_marshallOut        00000001800089f0 f   c1_sl_quadrotorAttitudeGuidance.obj
 0001:00007a90       c1_j_emlrt_marshallIn      0000000180008a90 f   c1_sl_quadrotorAttitudeGuidance.obj
 0001:00007b00       c1_k_emlrt_marshallIn      0000000180008b00 f   c1_sl_quadrotorAttitudeGuidance.obj
 0001:00007c00       sf_opaque_get_sim_state_c1_sl_quadrotorAttitudeGuidance 0000000180008c00 f   c1_sl_quadrotorAttitudeGuidance.obj
 0001:00007c50       get_sim_state_c1_sl_quadrotorAttitudeGuidance 0000000180008c50 f   c1_sl_quadrotorAttitudeGuidance.obj
 0001:00008330       sf_opaque_set_sim_state_c1_sl_quadrotorAttitudeGuidance 0000000180009330 f   c1_sl_quadrotorAttitudeGuidance.obj
 0001:00008380       set_sim_state_c1_sl_quadrotorAttitudeGuidance 0000000180009380 f   c1_sl_quadrotorAttitudeGuidance.obj
 0001:00008750       c1_update_debugger_state_c1_sl_quadrotorAttitudeGuidance 0000000180009750 f   c1_sl_quadrotorAttitudeGuidance.obj
 0001:00008760       c1_emlrt_marshallIn        0000000180009760 f   c1_sl_quadrotorAttitudeGuidance.obj
 0001:000087d0       c1_c_emlrt_marshallIn      00000001800097d0 f   c1_sl_quadrotorAttitudeGuidance.obj
 0001:00008840       c1_e_emlrt_marshallIn      0000000180009840 f   c1_sl_quadrotorAttitudeGuidance.obj
 0001:000088b0       c1_m_emlrt_marshallIn      00000001800098b0 f   c1_sl_quadrotorAttitudeGuidance.obj
 0001:00008910       c1_n_emlrt_marshallIn      0000000180009910 f   c1_sl_quadrotorAttitudeGuidance.obj
 0001:000089a0       sf_opaque_terminate_c1_sl_quadrotorAttitudeGuidance 00000001800099a0 f   c1_sl_quadrotorAttitudeGuidance.obj
 0001:00008a40       finalize_c1_sl_quadrotorAttitudeGuidance 0000000180009a40 f   c1_sl_quadrotorAttitudeGuidance.obj
 0001:00008a50       sf_opaque_init_subchart_simstructs 0000000180009a50 f   c1_sl_quadrotorAttitudeGuidance.obj
 0001:00008a70       initSimStructsc1_sl_quadrotorAttitudeGuidance 0000000180009a70 f   c1_sl_quadrotorAttitudeGuidance.obj
 0001:00008a80       mdlRTW_c1_sl_quadrotorAttitudeGuidance 0000000180009a80 f   c1_sl_quadrotorAttitudeGuidance.obj
 0001:00008b40       c2_info_helper             0000000180009b40 f   c2_sl_quadrotorAttitudeGuidance.obj
 0001:000127b0       c2_emlrt_marshallOut       00000001800137b0 f   c2_sl_quadrotorAttitudeGuidance.obj
 0001:00012840       c2_b_emlrt_marshallOut     0000000180013840 f   c2_sl_quadrotorAttitudeGuidance.obj
 0001:000128b0       c2_b_info_helper           00000001800138b0 f   c2_sl_quadrotorAttitudeGuidance.obj
 0001:00017da0       mdlProcessParameters_c2_sl_quadrotorAttitudeGuidance 0000000180018da0 f   c2_sl_quadrotorAttitudeGuidance.obj
 0001:00017e80       initialize_params_c2_sl_quadrotorAttitudeGuidance 0000000180018e80 f   c2_sl_quadrotorAttitudeGuidance.obj
 0001:00017e90       mdlSetWorkWidths_c2_sl_quadrotorAttitudeGuidance 0000000180018e90 f   c2_sl_quadrotorAttitudeGuidance.obj
 0001:00018510       sf_get_instance_specialization 0000000180019510 f   c2_sl_quadrotorAttitudeGuidance.obj
 0001:00018520       mdlStart_c2_sl_quadrotorAttitudeGuidance 0000000180019520 f   c2_sl_quadrotorAttitudeGuidance.obj
 0001:000187a0       init_dsm_address_info      00000001800197a0 f   c2_sl_quadrotorAttitudeGuidance.obj
 0001:000187b0       init_simulink_io_address   00000001800197b0 f   c2_sl_quadrotorAttitudeGuidance.obj
 0001:00018b90       sf_get_sim_state_info_c2_sl_quadrotorAttitudeGuidance 0000000180019b90 f   c2_sl_quadrotorAttitudeGuidance.obj
 0001:00018c70       chart_debug_initialization 0000000180019c70 f   c2_sl_quadrotorAttitudeGuidance.obj
 0001:0001c080       init_script_number_translation 000000018001d080 f   c2_sl_quadrotorAttitudeGuidance.obj
 0001:0001c0a0       c2_sf_marshallOut          000000018001d0a0 f   c2_sl_quadrotorAttitudeGuidance.obj
 0001:0001c150       c2_sf_marshallIn           000000018001d150 f   c2_sl_quadrotorAttitudeGuidance.obj
 0001:0001c1f0       c2_b_emlrt_marshallIn      000000018001d1f0 f   c2_sl_quadrotorAttitudeGuidance.obj
 0001:0001c280       c2_b_sf_marshallOut        000000018001d280 f   c2_sl_quadrotorAttitudeGuidance.obj
 0001:0001c400       sf_opaque_initialize_c2_sl_quadrotorAttitudeGuidance 000000018001d400 f   c2_sl_quadrotorAttitudeGuidance.obj
 0001:0001c440       initialize_c2_sl_quadrotorAttitudeGuidance 000000018001d440 f   c2_sl_quadrotorAttitudeGuidance.obj
 0001:0001c490       sf_opaque_enable_c2_sl_quadrotorAttitudeGuidance 000000018001d490 f   c2_sl_quadrotorAttitudeGuidance.obj
 0001:0001c4b0       enable_c2_sl_quadrotorAttitudeGuidance 000000018001d4b0 f   c2_sl_quadrotorAttitudeGuidance.obj
 0001:0001c4e0       sf_opaque_disable_c2_sl_quadrotorAttitudeGuidance 000000018001d4e0 f   c2_sl_quadrotorAttitudeGuidance.obj
 0001:0001c500       disable_c2_sl_quadrotorAttitudeGuidance 000000018001d500 f   c2_sl_quadrotorAttitudeGuidance.obj
 0001:0001c530       sf_opaque_gateway_c2_sl_quadrotorAttitudeGuidance 000000018001d530 f   c2_sl_quadrotorAttitudeGuidance.obj
 0001:0001c550       sf_gateway_c2_sl_quadrotorAttitudeGuidance 000000018001d550 f   c2_sl_quadrotorAttitudeGuidance.obj
 0001:0001d0c0       c2_chartstep_c2_sl_quadrotorAttitudeGuidance 000000018001e0c0 f   c2_sl_quadrotorAttitudeGuidance.obj
 0001:00023300       c2_c_sf_marshallOut        0000000180024300 f   c2_sl_quadrotorAttitudeGuidance.obj
 0001:00023430       c2_b_sf_marshallIn         0000000180024430 f   c2_sl_quadrotorAttitudeGuidance.obj
 0001:00023500       c2_c_emlrt_marshallIn      0000000180024500 f   c2_sl_quadrotorAttitudeGuidance.obj
 0001:000235e0       c2_d_sf_marshallOut        00000001800245e0 f   c2_sl_quadrotorAttitudeGuidance.obj
 0001:00023750       c2_c_sf_marshallIn         0000000180024750 f   c2_sl_quadrotorAttitudeGuidance.obj
 0001:00023850       c2_d_emlrt_marshallIn      0000000180024850 f   c2_sl_quadrotorAttitudeGuidance.obj
 0001:00023940       c2_e_sf_marshallOut        0000000180024940 f   c2_sl_quadrotorAttitudeGuidance.obj
 0001:00023b40       c2_d_sf_marshallIn         0000000180024b40 f   c2_sl_quadrotorAttitudeGuidance.obj
 0001:00023cd0       c2_e_emlrt_marshallIn      0000000180024cd0 f   c2_sl_quadrotorAttitudeGuidance.obj
 0001:00023dd0       c2_mpower                  0000000180024dd0 f   c2_sl_quadrotorAttitudeGuidance.obj
 0001:00023e40       c2_eml_scalar_eg           0000000180024e40 f   c2_sl_quadrotorAttitudeGuidance.obj
 0001:00023e50       c2_b_eml_scalar_eg         0000000180024e50 f   c2_sl_quadrotorAttitudeGuidance.obj
 0001:00023e60       c2_atan2                   0000000180024e60 f   c2_sl_quadrotorAttitudeGuidance.obj
 0001:00023ec0       c2_abs                     0000000180024ec0 f   c2_sl_quadrotorAttitudeGuidance.obj
 0001:00023f00       c2_b_sqrt                  0000000180024f00 f   c2_sl_quadrotorAttitudeGuidance.obj
 0001:00023f50       c2_eml_error               0000000180024f50 f   c2_sl_quadrotorAttitudeGuidance.obj
 0001:00024150       c2_b_eml_xgemm             0000000180025150 f   c2_sl_quadrotorAttitudeGuidance.obj
 0001:00024230       c2_b_unwrap                0000000180025230 f   c2_sl_quadrotorAttitudeGuidance.obj
 0001:00024b30       c2_isfinite                0000000180025b30 f   c2_sl_quadrotorAttitudeGuidance.obj
 0001:00024c00       c2_b_sign                  0000000180025c00 f   c2_sl_quadrotorAttitudeGuidance.obj
 0001:00024c30       sf_opaque_get_sim_state_c2_sl_quadrotorAttitudeGuidance 0000000180025c30 f   c2_sl_quadrotorAttitudeGuidance.obj
 0001:00024c80       get_sim_state_c2_sl_quadrotorAttitudeGuidance 0000000180025c80 f   c2_sl_quadrotorAttitudeGuidance.obj
 0001:00025be0       sf_opaque_set_sim_state_c2_sl_quadrotorAttitudeGuidance 0000000180026be0 f   c2_sl_quadrotorAttitudeGuidance.obj
 0001:00025c30       set_sim_state_c2_sl_quadrotorAttitudeGuidance 0000000180026c30 f   c2_sl_quadrotorAttitudeGuidance.obj
 0001:000261d0       c2_update_debugger_state_c2_sl_quadrotorAttitudeGuidance 00000001800271d0 f   c2_sl_quadrotorAttitudeGuidance.obj
 0001:000261e0       c2_emlrt_marshallIn        00000001800271e0 f   c2_sl_quadrotorAttitudeGuidance.obj
 0001:00026250       c2_g_emlrt_marshallIn      0000000180027250 f   c2_sl_quadrotorAttitudeGuidance.obj
 0001:000262b0       c2_h_emlrt_marshallIn      00000001800272b0 f   c2_sl_quadrotorAttitudeGuidance.obj
 0001:00026340       sf_opaque_terminate_c2_sl_quadrotorAttitudeGuidance 0000000180027340 f   c2_sl_quadrotorAttitudeGuidance.obj
 0001:000263e0       finalize_c2_sl_quadrotorAttitudeGuidance 00000001800273e0 f   c2_sl_quadrotorAttitudeGuidance.obj
 0001:000263f0       sf_opaque_init_subchart_simstructs 00000001800273f0 f   c2_sl_quadrotorAttitudeGuidance.obj
 0001:00026410       initSimStructsc2_sl_quadrotorAttitudeGuidance 0000000180027410 f   c2_sl_quadrotorAttitudeGuidance.obj
 0001:00026420       mdlRTW_c2_sl_quadrotorAttitudeGuidance 0000000180027420 f   c2_sl_quadrotorAttitudeGuidance.obj
 0001:000264d0       c3_info_helper             00000001800274d0 f   c3_sl_quadrotorAttitudeGuidance.obj
 0001:0002edb0       c3_emlrt_marshallOut       000000018002fdb0 f   c3_sl_quadrotorAttitudeGuidance.obj
 0001:0002ee40       c3_b_emlrt_marshallOut     000000018002fe40 f   c3_sl_quadrotorAttitudeGuidance.obj
 0001:000307f0       mdlProcessParameters_c3_sl_quadrotorAttitudeGuidance 00000001800317f0 f   c3_sl_quadrotorAttitudeGuidance.obj
 0001:000308d0       initialize_params_c3_sl_quadrotorAttitudeGuidance 00000001800318d0 f   c3_sl_quadrotorAttitudeGuidance.obj
 0001:000308e0       mdlSetWorkWidths_c3_sl_quadrotorAttitudeGuidance 00000001800318e0 f   c3_sl_quadrotorAttitudeGuidance.obj
 0001:00030f60       sf_get_instance_specialization 0000000180031f60 f   c3_sl_quadrotorAttitudeGuidance.obj
 0001:00030f70       mdlStart_c3_sl_quadrotorAttitudeGuidance 0000000180031f70 f   c3_sl_quadrotorAttitudeGuidance.obj
 0001:000311f0       init_dsm_address_info      00000001800321f0 f   c3_sl_quadrotorAttitudeGuidance.obj
 0001:00031200       init_simulink_io_address   0000000180032200 f   c3_sl_quadrotorAttitudeGuidance.obj
 0001:00031400       sf_get_sim_state_info_c3_sl_quadrotorAttitudeGuidance 0000000180032400 f   c3_sl_quadrotorAttitudeGuidance.obj
 0001:000314c0       chart_debug_initialization 00000001800324c0 f   c3_sl_quadrotorAttitudeGuidance.obj
 0001:000332e0       init_script_number_translation 00000001800342e0 f   c3_sl_quadrotorAttitudeGuidance.obj
 0001:00033300       c3_b_sf_marshallOut        0000000180034300 f   c3_sl_quadrotorAttitudeGuidance.obj
 0001:00033460       c3_b_sf_marshallIn         0000000180034460 f   c3_sl_quadrotorAttitudeGuidance.obj
 0001:00033570       c3_d_emlrt_marshallIn      0000000180034570 f   c3_sl_quadrotorAttitudeGuidance.obj
 0001:00033670       c3_c_sf_marshallOut        0000000180034670 f   c3_sl_quadrotorAttitudeGuidance.obj
 0001:00033720       c3_c_sf_marshallIn         0000000180034720 f   c3_sl_quadrotorAttitudeGuidance.obj
 0001:000337c0       c3_f_emlrt_marshallIn      00000001800347c0 f   c3_sl_quadrotorAttitudeGuidance.obj
 0001:00033850       c3_d_sf_marshallOut        0000000180034850 f   c3_sl_quadrotorAttitudeGuidance.obj
 0001:000339c0       c3_d_sf_marshallIn         00000001800349c0 f   c3_sl_quadrotorAttitudeGuidance.obj
 0001:00033ad0       c3_h_emlrt_marshallIn      0000000180034ad0 f   c3_sl_quadrotorAttitudeGuidance.obj
 0001:00033bd0       sf_opaque_initialize_c3_sl_quadrotorAttitudeGuidance 0000000180034bd0 f   c3_sl_quadrotorAttitudeGuidance.obj
 0001:00033c10       initialize_c3_sl_quadrotorAttitudeGuidance 0000000180034c10 f   c3_sl_quadrotorAttitudeGuidance.obj
 0001:00033c60       sf_opaque_enable_c3_sl_quadrotorAttitudeGuidance 0000000180034c60 f   c3_sl_quadrotorAttitudeGuidance.obj
 0001:00033c80       enable_c3_sl_quadrotorAttitudeGuidance 0000000180034c80 f   c3_sl_quadrotorAttitudeGuidance.obj
 0001:00033cb0       sf_opaque_disable_c3_sl_quadrotorAttitudeGuidance 0000000180034cb0 f   c3_sl_quadrotorAttitudeGuidance.obj
 0001:00033cd0       disable_c3_sl_quadrotorAttitudeGuidance 0000000180034cd0 f   c3_sl_quadrotorAttitudeGuidance.obj
 0001:00033d00       sf_opaque_gateway_c3_sl_quadrotorAttitudeGuidance 0000000180034d00 f   c3_sl_quadrotorAttitudeGuidance.obj
 0001:00033d20       sf_gateway_c3_sl_quadrotorAttitudeGuidance 0000000180034d20 f   c3_sl_quadrotorAttitudeGuidance.obj
 0001:000345e0       c3_chartstep_c3_sl_quadrotorAttitudeGuidance 00000001800355e0 f   c3_sl_quadrotorAttitudeGuidance.obj
 0001:00038a40       c3_sf_marshallOut          0000000180039a40 f   c3_sl_quadrotorAttitudeGuidance.obj
 0001:00038b60       c3_sf_marshallIn           0000000180039b60 f   c3_sl_quadrotorAttitudeGuidance.obj
 0001:00038c00       c3_b_emlrt_marshallIn      0000000180039c00 f   c3_sl_quadrotorAttitudeGuidance.obj
 0001:00038cc0       c3_e_sf_marshallOut        0000000180039cc0 f   c3_sl_quadrotorAttitudeGuidance.obj
 0001:00038ee0       c3_e_sf_marshallIn         0000000180039ee0 f   c3_sl_quadrotorAttitudeGuidance.obj
 0001:00039060       c3_i_emlrt_marshallIn      000000018003a060 f   c3_sl_quadrotorAttitudeGuidance.obj
 0001:00039170       c3_mpower                  000000018003a170 f   c3_sl_quadrotorAttitudeGuidance.obj
 0001:000391e0       c3_eml_scalar_eg           000000018003a1e0 f   c3_sl_quadrotorAttitudeGuidance.obj
 0001:000391f0       c3_eml_error               000000018003a1f0 f   c3_sl_quadrotorAttitudeGuidance.obj
 0001:000393e0       c3_eye                     000000018003a3e0 f   c3_sl_quadrotorAttitudeGuidance.obj
 0001:000395d0       c3_eml_switch_helper       000000018003a5d0 f   c3_sl_quadrotorAttitudeGuidance.obj
 0001:000395e0       c3_eml_extremum            000000018003a5e0 f   c3_sl_quadrotorAttitudeGuidance.obj
 0001:00039bc0       c3_check_forloop_overflow_error 000000018003abc0 f   c3_sl_quadrotorAttitudeGuidance.obj
 0001:00039de0       sf_opaque_get_sim_state_c3_sl_quadrotorAttitudeGuidance 000000018003ade0 f   c3_sl_quadrotorAttitudeGuidance.obj
 0001:00039e30       get_sim_state_c3_sl_quadrotorAttitudeGuidance 000000018003ae30 f   c3_sl_quadrotorAttitudeGuidance.obj
 0001:0003a570       sf_opaque_set_sim_state_c3_sl_quadrotorAttitudeGuidance 000000018003b570 f   c3_sl_quadrotorAttitudeGuidance.obj
 0001:0003a5c0       set_sim_state_c3_sl_quadrotorAttitudeGuidance 000000018003b5c0 f   c3_sl_quadrotorAttitudeGuidance.obj
 0001:0003a9e0       c3_update_debugger_state_c3_sl_quadrotorAttitudeGuidance 000000018003b9e0 f   c3_sl_quadrotorAttitudeGuidance.obj
 0001:0003a9f0       c3_emlrt_marshallIn        000000018003b9f0 f   c3_sl_quadrotorAttitudeGuidance.obj
 0001:0003aa60       c3_c_emlrt_marshallIn      000000018003ba60 f   c3_sl_quadrotorAttitudeGuidance.obj
 0001:0003aad0       c3_e_emlrt_marshallIn      000000018003bad0 f   c3_sl_quadrotorAttitudeGuidance.obj
 0001:0003ab40       c3_g_emlrt_marshallIn      000000018003bb40 f   c3_sl_quadrotorAttitudeGuidance.obj
 0001:0003abb0       c3_k_emlrt_marshallIn      000000018003bbb0 f   c3_sl_quadrotorAttitudeGuidance.obj
 0001:0003ac10       c3_l_emlrt_marshallIn      000000018003bc10 f   c3_sl_quadrotorAttitudeGuidance.obj
 0001:0003aca0       sf_opaque_terminate_c3_sl_quadrotorAttitudeGuidance 000000018003bca0 f   c3_sl_quadrotorAttitudeGuidance.obj
 0001:0003ad40       finalize_c3_sl_quadrotorAttitudeGuidance 000000018003bd40 f   c3_sl_quadrotorAttitudeGuidance.obj
 0001:0003ad50       sf_opaque_init_subchart_simstructs 000000018003bd50 f   c3_sl_quadrotorAttitudeGuidance.obj
 0001:0003ad70       initSimStructsc3_sl_quadrotorAttitudeGuidance 000000018003bd70 f   c3_sl_quadrotorAttitudeGuidance.obj
 0001:0003ad80       mdlRTW_c3_sl_quadrotorAttitudeGuidance 000000018003bd80 f   c3_sl_quadrotorAttitudeGuidance.obj
 0001:0003ae30       c4_info_helper             000000018003be30 f   c4_sl_quadrotorAttitudeGuidance.obj
 0001:0003d780       c4_emlrt_marshallOut       000000018003e780 f   c4_sl_quadrotorAttitudeGuidance.obj
 0001:0003d810       c4_b_emlrt_marshallOut     000000018003e810 f   c4_sl_quadrotorAttitudeGuidance.obj
 0001:0003edf0       mdlProcessParameters_c4_sl_quadrotorAttitudeGuidance 000000018003fdf0 f   c4_sl_quadrotorAttitudeGuidance.obj
 0001:0003eed0       initialize_params_c4_sl_quadrotorAttitudeGuidance 000000018003fed0 f   c4_sl_quadrotorAttitudeGuidance.obj
 0001:0003eee0       mdlSetWorkWidths_c4_sl_quadrotorAttitudeGuidance 000000018003fee0 f   c4_sl_quadrotorAttitudeGuidance.obj
 0001:0003f4d0       sf_get_instance_specialization 00000001800404d0 f   c4_sl_quadrotorAttitudeGuidance.obj
 0001:0003f4e0       mdlStart_c4_sl_quadrotorAttitudeGuidance 00000001800404e0 f   c4_sl_quadrotorAttitudeGuidance.obj
 0001:0003f760       init_dsm_address_info      0000000180040760 f   c4_sl_quadrotorAttitudeGuidance.obj
 0001:0003f770       init_simulink_io_address   0000000180040770 f   c4_sl_quadrotorAttitudeGuidance.obj
 0001:0003f910       sf_get_sim_state_info_c4_sl_quadrotorAttitudeGuidance 0000000180040910 f   c4_sl_quadrotorAttitudeGuidance.obj
 0001:0003f9d0       chart_debug_initialization 00000001800409d0 f   c4_sl_quadrotorAttitudeGuidance.obj
 0001:00041420       init_script_number_translation 0000000180042420 f   c4_sl_quadrotorAttitudeGuidance.obj
 0001:00041440       c4_b_sf_marshallOut        0000000180042440 f   c4_sl_quadrotorAttitudeGuidance.obj
 0001:000414f0       c4_b_sf_marshallIn         00000001800424f0 f   c4_sl_quadrotorAttitudeGuidance.obj
 0001:00041590       c4_d_emlrt_marshallIn      0000000180042590 f   c4_sl_quadrotorAttitudeGuidance.obj
 0001:00041620       c4_c_sf_marshallOut        0000000180042620 f   c4_sl_quadrotorAttitudeGuidance.obj
 0001:000417b0       c4_d_sf_marshallOut        00000001800427b0 f   c4_sl_quadrotorAttitudeGuidance.obj
 0001:00041940       c4_e_sf_marshallOut        0000000180042940 f   c4_sl_quadrotorAttitudeGuidance.obj
 0001:00041ad0       sf_opaque_initialize_c4_sl_quadrotorAttitudeGuidance 0000000180042ad0 f   c4_sl_quadrotorAttitudeGuidance.obj
 0001:00041b10       initialize_c4_sl_quadrotorAttitudeGuidance 0000000180042b10 f   c4_sl_quadrotorAttitudeGuidance.obj
 0001:00041b60       sf_opaque_enable_c4_sl_quadrotorAttitudeGuidance 0000000180042b60 f   c4_sl_quadrotorAttitudeGuidance.obj
 0001:00041b80       enable_c4_sl_quadrotorAttitudeGuidance 0000000180042b80 f   c4_sl_quadrotorAttitudeGuidance.obj
 0001:00041bb0       sf_opaque_disable_c4_sl_quadrotorAttitudeGuidance 0000000180042bb0 f   c4_sl_quadrotorAttitudeGuidance.obj
 0001:00041bd0       disable_c4_sl_quadrotorAttitudeGuidance 0000000180042bd0 f   c4_sl_quadrotorAttitudeGuidance.obj
 0001:00041c00       sf_opaque_gateway_c4_sl_quadrotorAttitudeGuidance 0000000180042c00 f   c4_sl_quadrotorAttitudeGuidance.obj
 0001:00041c20       sf_gateway_c4_sl_quadrotorAttitudeGuidance 0000000180042c20 f   c4_sl_quadrotorAttitudeGuidance.obj
 0001:00044890       c4_sf_marshallOut          0000000180045890 f   c4_sl_quadrotorAttitudeGuidance.obj
 0001:000449b0       c4_sf_marshallIn           00000001800459b0 f   c4_sl_quadrotorAttitudeGuidance.obj
 0001:00044a50       c4_b_emlrt_marshallIn      0000000180045a50 f   c4_sl_quadrotorAttitudeGuidance.obj
 0001:00044b10       c4_mpower                  0000000180045b10 f   c4_sl_quadrotorAttitudeGuidance.obj
 0001:00044b80       c4_eml_scalar_eg           0000000180045b80 f   c4_sl_quadrotorAttitudeGuidance.obj
 0001:00044b90       c4_eml_error               0000000180045b90 f   c4_sl_quadrotorAttitudeGuidance.obj
 0001:00044da0       sf_opaque_get_sim_state_c4_sl_quadrotorAttitudeGuidance 0000000180045da0 f   c4_sl_quadrotorAttitudeGuidance.obj
 0001:00044df0       get_sim_state_c4_sl_quadrotorAttitudeGuidance 0000000180045df0 f   c4_sl_quadrotorAttitudeGuidance.obj
 0001:000453e0       sf_opaque_set_sim_state_c4_sl_quadrotorAttitudeGuidance 00000001800463e0 f   c4_sl_quadrotorAttitudeGuidance.obj
 0001:00045430       set_sim_state_c4_sl_quadrotorAttitudeGuidance 0000000180046430 f   c4_sl_quadrotorAttitudeGuidance.obj
 0001:00045650       c4_update_debugger_state_c4_sl_quadrotorAttitudeGuidance 0000000180046650 f   c4_sl_quadrotorAttitudeGuidance.obj
 0001:00045660       c4_emlrt_marshallIn        0000000180046660 f   c4_sl_quadrotorAttitudeGuidance.obj
 0001:000456d0       c4_c_emlrt_marshallIn      00000001800466d0 f   c4_sl_quadrotorAttitudeGuidance.obj
 0001:00045740       c4_f_emlrt_marshallIn      0000000180046740 f   c4_sl_quadrotorAttitudeGuidance.obj
 0001:000457a0       c4_g_emlrt_marshallIn      00000001800467a0 f   c4_sl_quadrotorAttitudeGuidance.obj
 0001:00045830       sf_opaque_terminate_c4_sl_quadrotorAttitudeGuidance 0000000180046830 f   c4_sl_quadrotorAttitudeGuidance.obj
 0001:000458d0       finalize_c4_sl_quadrotorAttitudeGuidance 00000001800468d0 f   c4_sl_quadrotorAttitudeGuidance.obj
 0001:000458e0       sf_opaque_init_subchart_simstructs 00000001800468e0 f   c4_sl_quadrotorAttitudeGuidance.obj
 0001:00045900       initSimStructsc4_sl_quadrotorAttitudeGuidance 0000000180046900 f   c4_sl_quadrotorAttitudeGuidance.obj
 0001:00045910       mdlRTW_c4_sl_quadrotorAttitudeGuidance 0000000180046910 f   c4_sl_quadrotorAttitudeGuidance.obj
 0001:000459c0       c5_info_helper             00000001800469c0 f   c5_sl_quadrotorAttitudeGuidance.obj
 0001:000460a0       c5_emlrt_marshallOut       00000001800470a0 f   c5_sl_quadrotorAttitudeGuidance.obj
 0001:00046130       c5_b_emlrt_marshallOut     0000000180047130 f   c5_sl_quadrotorAttitudeGuidance.obj
 0001:00046b30       mdlProcessParameters_c5_sl_quadrotorAttitudeGuidance 0000000180047b30 f   c5_sl_quadrotorAttitudeGuidance.obj
 0001:00046c10       initialize_params_c5_sl_quadrotorAttitudeGuidance 0000000180047c10 f   c5_sl_quadrotorAttitudeGuidance.obj
 0001:00046c20       mdlSetWorkWidths_c5_sl_quadrotorAttitudeGuidance 0000000180047c20 f   c5_sl_quadrotorAttitudeGuidance.obj
 0001:00047150       sf_get_instance_specialization 0000000180048150 f   c5_sl_quadrotorAttitudeGuidance.obj
 0001:00047160       mdlStart_c5_sl_quadrotorAttitudeGuidance 0000000180048160 f   c5_sl_quadrotorAttitudeGuidance.obj
 0001:000473e0       init_dsm_address_info      00000001800483e0 f   c5_sl_quadrotorAttitudeGuidance.obj
 0001:000473f0       init_simulink_io_address   00000001800483f0 f   c5_sl_quadrotorAttitudeGuidance.obj
 0001:00047480       sf_get_sim_state_info_c5_sl_quadrotorAttitudeGuidance 0000000180048480 f   c5_sl_quadrotorAttitudeGuidance.obj
 0001:00047540       chart_debug_initialization 0000000180048540 f   c5_sl_quadrotorAttitudeGuidance.obj
 0001:00047ef0       init_script_number_translation 0000000180048ef0 f   c5_sl_quadrotorAttitudeGuidance.obj
 0001:00047f10       c5_sf_marshallOut          0000000180048f10 f   c5_sl_quadrotorAttitudeGuidance.obj
 0001:00048090       c5_b_sf_marshallOut        0000000180049090 f   c5_sl_quadrotorAttitudeGuidance.obj
 0001:00048140       sf_opaque_initialize_c5_sl_quadrotorAttitudeGuidance 0000000180049140 f   c5_sl_quadrotorAttitudeGuidance.obj
 0001:00048180       initialize_c5_sl_quadrotorAttitudeGuidance 0000000180049180 f   c5_sl_quadrotorAttitudeGuidance.obj
 0001:000481d0       sf_opaque_enable_c5_sl_quadrotorAttitudeGuidance 00000001800491d0 f   c5_sl_quadrotorAttitudeGuidance.obj
 0001:000481f0       enable_c5_sl_quadrotorAttitudeGuidance 00000001800491f0 f   c5_sl_quadrotorAttitudeGuidance.obj
 0001:00048220       sf_opaque_disable_c5_sl_quadrotorAttitudeGuidance 0000000180049220 f   c5_sl_quadrotorAttitudeGuidance.obj
 0001:00048240       disable_c5_sl_quadrotorAttitudeGuidance 0000000180049240 f   c5_sl_quadrotorAttitudeGuidance.obj
 0001:00048270       sf_opaque_gateway_c5_sl_quadrotorAttitudeGuidance 0000000180049270 f   c5_sl_quadrotorAttitudeGuidance.obj
 0001:00048290       sf_gateway_c5_sl_quadrotorAttitudeGuidance 0000000180049290 f   c5_sl_quadrotorAttitudeGuidance.obj
 0001:000497b0       c5_sf_marshallIn           000000018004a7b0 f   c5_sl_quadrotorAttitudeGuidance.obj
 0001:00049850       c5_emlrt_marshallIn        000000018004a850 f   c5_sl_quadrotorAttitudeGuidance.obj
 0001:000498e0       sf_opaque_get_sim_state_c5_sl_quadrotorAttitudeGuidance 000000018004a8e0 f   c5_sl_quadrotorAttitudeGuidance.obj
 0001:00049930       get_sim_state_c5_sl_quadrotorAttitudeGuidance 000000018004a930 f   c5_sl_quadrotorAttitudeGuidance.obj
 0001:00049a30       sf_opaque_set_sim_state_c5_sl_quadrotorAttitudeGuidance 000000018004aa30 f   c5_sl_quadrotorAttitudeGuidance.obj
 0001:00049a80       set_sim_state_c5_sl_quadrotorAttitudeGuidance 000000018004aa80 f   c5_sl_quadrotorAttitudeGuidance.obj
 0001:00049b10       c5_update_debugger_state_c5_sl_quadrotorAttitudeGuidance 000000018004ab10 f   c5_sl_quadrotorAttitudeGuidance.obj
 0001:00049b20       c5_c_emlrt_marshallIn      000000018004ab20 f   c5_sl_quadrotorAttitudeGuidance.obj
 0001:00049b80       c5_d_emlrt_marshallIn      000000018004ab80 f   c5_sl_quadrotorAttitudeGuidance.obj
 0001:00049c10       sf_opaque_terminate_c5_sl_quadrotorAttitudeGuidance 000000018004ac10 f   c5_sl_quadrotorAttitudeGuidance.obj
 0001:00049cb0       finalize_c5_sl_quadrotorAttitudeGuidance 000000018004acb0 f   c5_sl_quadrotorAttitudeGuidance.obj
 0001:00049cc0       sf_opaque_init_subchart_simstructs 000000018004acc0 f   c5_sl_quadrotorAttitudeGuidance.obj
 0001:00049ce0       initSimStructsc5_sl_quadrotorAttitudeGuidance 000000018004ace0 f   c5_sl_quadrotorAttitudeGuidance.obj
 0001:00049cf0       mdlRTW_c5_sl_quadrotorAttitudeGuidance 000000018004acf0 f   c5_sl_quadrotorAttitudeGuidance.obj
 0001:0004aaa0       getChartInfoFromSimStruct  000000018004baa0 f   sl_quadrotorAttitudeGuidance_sfun_registry.obj
 0001:0004c140       _ssFatalError              000000018004d140 f   sl_quadrotorAttitudeGuidance_sfun_registry.obj
 0001:0004f1f0       ProcessMexSfunctionCmdLineCall 00000001800501f0 f   sl_quadrotorAttitudeGuidance_sfun_registry.obj
 0001:0004f390       sf_debug_api_wrapper       0000000180050390 f   sl_quadrotorAttitudeGuidance_sfun_registry.obj
 0001:0004f3e0       mdlStart                   00000001800503e0 f   sl_quadrotorAttitudeGuidance_sfun_registry.obj
 0001:0004f410       mdl_start_processing       0000000180050410 f   sl_quadrotorAttitudeGuidance_sfun_registry.obj
 0001:0004f4d0       mdlTerminate               00000001800504d0 f   sl_quadrotorAttitudeGuidance_sfun_registry.obj
 0001:0004f500       mdl_terminate_processing   0000000180050500 f   sl_quadrotorAttitudeGuidance_sfun_registry.obj
 0001:0004f580       mdlInitializeSampleTimes   0000000180050580 f   sl_quadrotorAttitudeGuidance_sfun_registry.obj
 0001:0004f5b0       mdlZeroCrossings           00000001800505b0 f   sl_quadrotorAttitudeGuidance_sfun_registry.obj
 0001:0004f5e0       mdl_zeroCrossings_processing 00000001800505e0 f   sl_quadrotorAttitudeGuidance_sfun_registry.obj
 0001:0004f620       mdlDerivatives             0000000180050620 f   sl_quadrotorAttitudeGuidance_sfun_registry.obj
 0001:0004f650       mdl_derivatives_processing 0000000180050650 f   sl_quadrotorAttitudeGuidance_sfun_registry.obj
 0001:0004f6a0       mdlInitializeConditions    00000001800506a0 f   sl_quadrotorAttitudeGuidance_sfun_registry.obj
 0001:0004f6d0       mdl_initialize_conditions_processing 00000001800506d0 f   sl_quadrotorAttitudeGuidance_sfun_registry.obj
 0001:0004f720       mdlEnable                  0000000180050720 f   sl_quadrotorAttitudeGuidance_sfun_registry.obj
 0001:0004f750       mdl_enable_processing      0000000180050750 f   sl_quadrotorAttitudeGuidance_sfun_registry.obj
 0001:0004f790       mdlDisable                 0000000180050790 f   sl_quadrotorAttitudeGuidance_sfun_registry.obj
 0001:0004f7c0       mdl_disable_processing     00000001800507c0 f   sl_quadrotorAttitudeGuidance_sfun_registry.obj
 0001:0004f800       mdlOutputs                 0000000180050800 f   sl_quadrotorAttitudeGuidance_sfun_registry.obj
 0001:0004f830       mdl_outputs_processing     0000000180050830 f   sl_quadrotorAttitudeGuidance_sfun_registry.obj
 0001:0004f910       mdl_outputs_continuous_legacy 0000000180050910 f   sl_quadrotorAttitudeGuidance_sfun_registry.obj
 0001:0004fa00       mdlGetTimeOfNextVarHit     0000000180050a00 f   sl_quadrotorAttitudeGuidance_sfun_registry.obj
 0001:0004fa50       _ProcessMexSfunctionCmdLineCall 0000000180050a50 f   sl_quadrotorAttitudeGuidance_sfun_registry.obj
 0001:000501a0       mdlSetWorkWidths           00000001800511a0 f   sl_quadrotorAttitudeGuidance_sfun_registry.obj
 0001:000501d0       mdlProcessParameters       00000001800511d0 f   sl_quadrotorAttitudeGuidance_sfun_registry.obj
 0001:00050200       mdlInitializeSizes         0000000180051200 f   sl_quadrotorAttitudeGuidance_sfun_registry.obj
 0001:00050230       mdlExtModeExec             0000000180051230 f   sl_quadrotorAttitudeGuidance_sfun_registry.obj
 0001:00050260       mdl_ext_mode_exec_processing 0000000180051260 f   sl_quadrotorAttitudeGuidance_sfun_registry.obj
 0001:000502a0       mdlRTW                     00000001800512a0 f   sl_quadrotorAttitudeGuidance_sfun_registry.obj
 0001:000502e0       _CreateSimStruct           00000001800512e0 f   sl_quadrotorAttitudeGuidance_sfun_registry.obj
 0001:00050470       _RegNumInputPortsCB        0000000180051470 f   sl_quadrotorAttitudeGuidance_sfun_registry.obj
 0001:000504f0       _RegNumOutputPortsCB       00000001800514f0 f   sl_quadrotorAttitudeGuidance_sfun_registry.obj
 0001:00050ae8       pre_c_init                 0000000180051ae8 f   MSVCRT:crtdll.obj
 0001:00050da4       __DllMainCRTStartup        0000000180051da4 f   MSVCRT:crtdll.obj
 0001:00051410       __DllMainCRTStartup$filt$0 0000000180052410 f   MSVCRT:crtdll.obj
 0001:00051440       __DllMainCRTStartup$fin$1  0000000180052440 f   MSVCRT:crtdll.obj
 0001:0005145a       _onexit$fin$0              000000018005245a f   MSVCRT:atonexit.obj
 0001:00051480       _IsNonwritableInCurrentImage$filt$0 0000000180052480 f   MSVCRT:pesect.obj
